Archive member included to satisfy reference by file (symbol)

D:\work\VescChallenge\Outgoing\assignment1\galaxy_sdk\bsp\lib\libbsp_riscv.a(port.c.o)
                              ./galaxy_sdk/bsp/src/portasm.o (xPortTaskSwitch)
D:\work\VescChallenge\Outgoing\assignment1\galaxy_sdk\bsp\lib\libbsp_riscv.a(soc_init.c.o)
                              ./galaxy_sdk/main.o (soc_init)
D:\work\VescChallenge\Outgoing\assignment1\galaxy_sdk\bsp\lib\libbsp_riscv.a(soc_sysctl.c.o)
                              D:\work\VescChallenge\Outgoing\assignment1\galaxy_sdk\bsp\lib\libbsp_riscv.a(port.c.o) (bsp_rtc_clock_get_freq)
D:\work\VescChallenge\Outgoing\assignment1\galaxy_sdk\bsp\lib\libbsp_riscv.a(soc_pinmux.c.o)
                              D:\work\VescChallenge\Outgoing\assignment1\galaxy_sdk\bsp\lib\libbsp_riscv.a(soc_sysctl.c.o) (soc_pinmux_set)
D:\work\VescChallenge\Outgoing\assignment1\galaxy_sdk\bsp\lib\libbsp_riscv.a(system_pegasus.c.o)
                              ./galaxy_sdk/bsp/src/startup_riscv.o (premain_system_init)
D:\work\VescChallenge\Outgoing\assignment1\galaxy_sdk\bsp\lib\libbsp_riscv.a(boot.c.o)
                              D:\work\VescChallenge\Outgoing\assignment1\galaxy_sdk\bsp\lib\libbsp_riscv.a(soc_sysctl.c.o) (boot_get_zsp_addr)
D:\work\VescChallenge\Outgoing\assignment1\galaxy_sdk\drivers\lib\libdriver_riscv.a(imu_simulator.c.o)
                              ./galaxy_sdk/bsp/src/qemu_board.o (imu_simulator_device_init)
D:\work\VescChallenge\Outgoing\assignment1\galaxy_sdk\drivers\lib\libdriver_riscv.a(clk_divider.c.o)
                              ./galaxy_sdk/drivers/src/hal_clock.o (div_funcs)
D:\work\VescChallenge\Outgoing\assignment1\galaxy_sdk\drivers\lib\libdriver_riscv.a(clk_fix_divider.c.o)
                              ./galaxy_sdk/drivers/src/hal_clock.o (fix_div_funcs)
D:\work\VescChallenge\Outgoing\assignment1\galaxy_sdk\drivers\lib\libdriver_riscv.a(clk_fix.c.o)
                              ./galaxy_sdk/drivers/src/hal_clock.o (fix_funcs)
D:\work\VescChallenge\Outgoing\assignment1\galaxy_sdk\drivers\lib\libdriver_riscv.a(clk_gate.c.o)
                              ./galaxy_sdk/drivers/src/hal_clock.o (gate_funcs)
D:\work\VescChallenge\Outgoing\assignment1\galaxy_sdk\drivers\lib\libdriver_riscv.a(clk_mux.c.o)
                              ./galaxy_sdk/drivers/src/hal_clock.o (mux_funcs)
D:\work\VescChallenge\Outgoing\assignment1\galaxy_sdk\drivers\lib\libdriver_riscv.a(clk_pll.c.o)
                              ./galaxy_sdk/drivers/src/hal_clock.o (pll_funcs)
D:\work\VescChallenge\Outgoing\assignment1\galaxy_sdk\drivers\lib\libdriver_riscv.a(clk_composite.c.o)
                              ./galaxy_sdk/drivers/src/hal_clock.o (comp_funcs)
D:\work\VescChallenge\Outgoing\assignment1\galaxy_sdk\drivers\lib\libdriver_riscv.a(clock.c.o)
                              D:\work\VescChallenge\Outgoing\assignment1\galaxy_sdk\bsp\lib\libbsp_riscv.a(soc_sysctl.c.o) (clk_get_rate)
D:\work\VescChallenge\Outgoing\assignment1\galaxy_sdk\drivers\lib\libdriver_riscv.a(vs_gpd_bin.c.o)
                              ./galaxy_sdk/drivers/src/hal_gpd.o (vs_gpd_bin_ops)
D:\work\VescChallenge\Outgoing\assignment1\galaxy_sdk\drivers\lib\libdriver_riscv.a(vs_gpd_pcu_ctrl.c.o)
                              ./galaxy_sdk/drivers/src/hal_gpd.o (vs_gpd_pcu_ctrl_ops)
D:\work\VescChallenge\Outgoing\assignment1\galaxy_sdk\drivers\lib\libdriver_riscv.a(vs_gpd_ram_reten.c.o)
                              ./galaxy_sdk/drivers/src/hal_gpd.o (vs_gpd_ram_reten_ops)
D:\work\VescChallenge\Outgoing\assignment1\galaxy_sdk\drivers\lib\libdriver_riscv.a(e203_uart.c.o)
                              ./galaxy_sdk/bsp/src/newlib.o (uart_write)
D:\work\VescChallenge\Outgoing\assignment1\galaxy_sdk\drivers\lib\libdriver_riscv.a(vs_common.c.o)
                              D:\work\VescChallenge\Outgoing\assignment1\galaxy_sdk\drivers\lib\libdriver_riscv.a(clk_divider.c.o) (__ffs)
D:\work\VescChallenge\Outgoing\assignment1\galaxy_sdk\modules\lib\libcommon_riscv.a(vs_logging.c.o)
                              D:\work\VescChallenge\Outgoing\assignment1\galaxy_sdk\bsp\lib\libbsp_riscv.a(boot.c.o) (vs_logging_level)
D:\work\VescChallenge\Outgoing\assignment1\galaxy_sdk\modules\lib\libcommon_riscv.a(uart_printf.c.o)
                              ./galaxy_sdk/tasks/src/task_Hello_VeriSilicon.o (uart_printf)
D:\work\VescChallenge\Outgoing\assignment1\galaxy_sdk\modules\lib\libcommon_riscv.a(sw_timer_os.c.o)
                              D:\work\VescChallenge\Outgoing\assignment1\galaxy_sdk\drivers\lib\libdriver_riscv.a(imu_simulator.c.o) (vpi_timer_create)
D:\work\VescChallenge\Outgoing\assignment1\galaxy_sdk\modules\lib\libcommon_riscv.a(vpi_error.c.o)
                              ./galaxy_sdk/main.o (vsd_to_vpi)
D:\work\VescChallenge\Outgoing\assignment1\galaxy_sdk\osal\lib\libosal_riscv.a(osal_task.c.o)
                              ./galaxy_sdk/tasks/src/task_Hello_VeriSilicon.o (osal_create_task)
[...]
Memory Configuration

Name             Origin             Length             Attributes
flash            0x0000000020000000 0x0000000000400000 axr !w
ram              0x0000000090000000 0x0000000000010000 axw !r
*default*        0x0000000000000000 0xffffffffffffffff

Linker script and memory map

START GROUP
LOAD ./galaxy_sdk/tasks/src/task_Hello_VeriSilicon.o
LOAD ./galaxy_sdk/drivers/src/hal_adc.o
LOAD ./galaxy_sdk/drivers/src/hal_clock.o
LOAD ./galaxy_sdk/drivers/src/hal_codec.o
LOAD ./galaxy_sdk/drivers/src/hal_crc.o
LOAD ./galaxy_sdk/drivers/src/hal_crypto.o
LOAD ./galaxy_sdk/drivers/src/hal_dac.o
LOAD ./galaxy_sdk/drivers/src/hal_dmac.o
LOAD ./galaxy_sdk/drivers/src/hal_ecg.o
LOAD ./galaxy_sdk/drivers/src/hal_eeprom.o
LOAD ./galaxy_sdk/drivers/src/hal_flash.o
LOAD ./galaxy_sdk/drivers/src/hal_gpd.o
LOAD ./galaxy_sdk/drivers/src/hal_gpio.o
LOAD ./galaxy_sdk/drivers/src/hal_i2c.o
LOAD ./galaxy_sdk/drivers/src/hal_i2s.o
LOAD ./galaxy_sdk/drivers/src/hal_i3c.o
LOAD ./galaxy_sdk/drivers/src/hal_imu.o
LOAD ./galaxy_sdk/drivers/src/hal_mbox.o
LOAD ./galaxy_sdk/drivers/src/hal_otp.o
LOAD ./galaxy_sdk/drivers/src/hal_pdm.o
LOAD ./galaxy_sdk/drivers/src/hal_pmu.o
LOAD ./galaxy_sdk/drivers/src/hal_ppg.o
LOAD ./galaxy_sdk/drivers/src/hal_pwm.o
LOAD ./galaxy_sdk/drivers/src/hal_rtc.o
LOAD ./galaxy_sdk/drivers/src/hal_spi.o
LOAD ./galaxy_sdk/drivers/src/hal_timer.o
LOAD ./galaxy_sdk/drivers/src/hal_tmp.o
LOAD ./galaxy_sdk/drivers/src/hal_uart.o
LOAD ./galaxy_sdk/drivers/src/hal_usb.o
LOAD ./galaxy_sdk/drivers/src/hal_vdt.o
LOAD ./galaxy_sdk/drivers/src/hal_wdt.o
LOAD ./galaxy_sdk/bsp/src/intexc_riscv.o
LOAD ./galaxy_sdk/bsp/src/newlib.o
LOAD ./galaxy_sdk/bsp/src/portasm.o
LOAD ./galaxy_sdk/bsp/src/qemu_board.o
LOAD ./galaxy_sdk/bsp/src/startup_riscv.o
LOAD ./galaxy_sdk/main.o
LOAD d:/programe/nucleistudio/toolchain/gcc/bin/../lib/gcc/riscv-nuclei-elf/10.2.0/../../../../riscv-nuclei-elf/lib/rv32imafc/ilp32f\libstdc++.a
LOAD D:\work\VescChallenge\Outgoing\assignment1\galaxy_sdk\bsp\lib\libbsp_riscv.a
LOAD D:\work\VescChallenge\Outgoing\assignment1\galaxy_sdk\drivers\lib\libdriver_riscv.a
LOAD D:\work\VescChallenge\Outgoing\assignment1\galaxy_sdk\modules\lib\libcommon_riscv.a
LOAD D:\work\VescChallenge\Outgoing\assignment1\galaxy_sdk\osal\lib\libosal_riscv.a
LOAD D:\work\VescChallenge\Outgoing\assignment1\galaxy_sdk\os\lib\libos_riscv.a
END GROUP
LOAD d:/programe/nucleistudio/toolchain/gcc/bin/../lib/gcc/riscv-nuclei-elf/10.2.0/../../../../riscv-nuclei-elf/lib/rv32imafc/ilp32f\libstdc++.a
LOAD d:/programe/nucleistudio/toolchain/gcc/bin/../lib/gcc/riscv-nuclei-elf/10.2.0/../../../../riscv-nuclei-elf/lib/rv32imafc/ilp32f\libm_nano.a
LOAD d:/programe/nucleistudio/toolchain/gcc/bin/../lib/gcc/riscv-nuclei-elf/10.2.0/rv32imafc/ilp32f\libgcc.a
LOAD d:/programe/nucleistudio/toolchain/gcc/bin/../lib/gcc/riscv-nuclei-elf/10.2.0/../../../../riscv-nuclei-elf/lib/rv32imafc/ilp32f\libg_nano.a
LOAD d:/programe/nucleistudio/toolchain/gcc/bin/../lib/gcc/riscv-nuclei-elf/10.2.0/../../../../riscv-nuclei-elf/lib/rv32imafc/ilp32f\libc_nano.a
LOAD d:/programe/nucleistudio/toolchain/gcc/bin/../lib/gcc/riscv-nuclei-elf/10.2.0/rv32imafc/ilp32f\libgcc.a
START GROUP
LOAD d:/programe/nucleistudio/toolchain/gcc/bin/../lib/gcc/riscv-nuclei-elf/10.2.0/rv32imafc/ilp32f\libgcc.a
LOAD d:/programe/nucleistudio/toolchain/gcc/bin/../lib/gcc/riscv-nuclei-elf/10.2.0/../../../../riscv-nuclei-elf/lib/rv32imafc/ilp32f\libc_nano.a
LOAD d:/programe/nucleistudio/toolchain/gcc/bin/../lib/gcc/riscv-nuclei-elf/10.2.0/../../../../riscv-nuclei-elf/lib/rv32imafc/ilp32f\libnosys.a
END GROUP
START GROUP
LOAD d:/programe/nucleistudio/toolchain/gcc/bin/../lib/gcc/riscv-nuclei-elf/10.2.0/rv32imafc/ilp32f\libgcc.a
LOAD d:/programe/nucleistudio/toolchain/gcc/bin/../lib/gcc/riscv-nuclei-elf/10.2.0/../../../../riscv-nuclei-elf/lib/rv32imafc/ilp32f\libc_nano.a
LOAD d:/programe/nucleistudio/toolchain/gcc/bin/../lib/gcc/riscv-nuclei-elf/10.2.0/../../../../riscv-nuclei-elf/lib/rv32imafc/ilp32f\libnosys.a
END GROUP
                0x0000000000000800                PROVIDE (__STACK_SIZE = 0x800)
                0x0000000000005000                PROVIDE (__HEAP_SIZE = 0x5000)
                0x0000000000000001                PROVIDE (__SMP_CPU_CNT = 0x1)
                0x0000000000000800                __TOT_STACK_SIZE = (__STACK_SIZE * __SMP_CPU_CNT)

.init           0x0000000020000000      0x308
 *(.vtable)
 .vtable        0x0000000020000000      0x1a8 ./galaxy_sdk/bsp/src/startup_riscv.o
                0x0000000020000000                vector_base
 *(SORT_NONE(.init))
 *fill*         0x00000000200001a8       0x18 
 .init          0x00000000200001c0      0x146 ./galaxy_sdk/bsp/src/startup_riscv.o
                0x00000000200001c0                _start
                0x00000000200002a6                _start_premain
                0x0000000020000300                early_exc_entry
                0x0000000020000308                . = ALIGN (0x4)
 *fill*         0x0000000020000306        0x2 

.text           0x0000000020000340     0x49e0
 *(.text.unlikely .text.unlikely.*)
 *(.text.startup .text.startup.*)
 .text.startup.main
                0x0000000020000340       0x5e ./galaxy_sdk/main.o
                0x0000000020000340                main
 *(.text .text.*)
 .text.task_Hello_VeriSilicon_exec
                0x000000002000039e       0x20 ./galaxy_sdk/tasks/src/task_Hello_VeriSilicon.o
 .text.task_Hello_VeriSilicon_create
                0x00000000200003be       0x2e ./galaxy_sdk/tasks/src/task_Hello_VeriSilicon.o
                0x00000000200003be                task_Hello_VeriSilicon_create
 .text.hal_uart_get_device
                0x00000000200003ec       0x24 ./galaxy_sdk/drivers/src/hal_uart.o
                0x00000000200003ec                hal_uart_get_device
 .text.hal_uart_put_char
                0x0000000020000410       0x2a ./galaxy_sdk/drivers/src/hal_uart.o
                0x0000000020000410                hal_uart_put_char
 .text._write   0x000000002000043a       0x7e ./galaxy_sdk/bsp/src/newlib.o
                0x000000002000043a                _write
 .text._close   0x00000000200004b8        0x4 ./galaxy_sdk/bsp/src/newlib.o
                0x00000000200004b8                _close
 .text._fstat   0x00000000200004bc        0x4 ./galaxy_sdk/bsp/src/newlib.o
                0x00000000200004bc                _fstat
 .text._isatty  0x00000000200004c0        0x4 ./galaxy_sdk/bsp/src/newlib.o
                0x00000000200004c0                _isatty
 .text._lseek   0x00000000200004c4        0x4 ./galaxy_sdk/bsp/src/newlib.o
                0x00000000200004c4                _lseek
 .text._read    0x00000000200004c8        0x4 ./galaxy_sdk/bsp/src/newlib.o
                0x00000000200004c8                _read
 *fill*         0x00000000200004cc       0x34 
 .text.trap     0x0000000020000500       0x7e ./galaxy_sdk/bsp/src/portasm.o
                0x0000000020000500                exc_entry
 *fill*         0x000000002000057e        0x2 
 .text.irq      0x0000000020000580      0x194 ./galaxy_sdk/bsp/src/portasm.o
                0x0000000020000580                irq_entry
                0x00000000200005fa                default_intexc_handler
                0x0000000020000600                prvPortStartFirstTask
                0x0000000020000664                eclic_msip_handler
 .text.prvTaskExitError
                0x0000000020000714       0x48 D:\work\VescChallenge\Outgoing\assignment1\galaxy_sdk\bsp\lib\libbsp_riscv.a(port.c.o)
 .text.pxPortInitialiseStack
                0x000000002000075c       0x24 D:\work\VescChallenge\Outgoing\assignment1\galaxy_sdk\bsp\lib\libbsp_riscv.a(port.c.o)
                0x000000002000075c                pxPortInitialiseStack
 .text.vPortEnterCritical
                0x0000000020000780       0x48 D:\work\VescChallenge\Outgoing\assignment1\galaxy_sdk\bsp\lib\libbsp_riscv.a(port.c.o)
                0x0000000020000780                vPortEnterCritical
 .text.vPortExitCritical
                0x00000000200007c8       0x36 D:\work\VescChallenge\Outgoing\assignment1\galaxy_sdk\bsp\lib\libbsp_riscv.a(port.c.o)
                0x00000000200007c8                vPortExitCritical
 .text.xPortTaskSwitch
                0x00000000200007fe       0x64 D:\work\VescChallenge\Outgoing\assignment1\galaxy_sdk\bsp\lib\libbsp_riscv.a(port.c.o)
                0x00000000200007fe                xPortTaskSwitch
 .text.eclic_mtip_handler
                0x0000000020000862      0x10c D:\work\VescChallenge\Outgoing\assignment1\galaxy_sdk\bsp\lib\libbsp_riscv.a(port.c.o)
                0x0000000020000862                eclic_mtip_handler
 .text.vPortSetupTimerInterrupt
                0x000000002000096e      0x208 D:\work\VescChallenge\Outgoing\assignment1\galaxy_sdk\bsp\lib\libbsp_riscv.a(port.c.o)
                0x000000002000096e                vPortSetupTimerInterrupt
 .text.xPortStartScheduler
                0x0000000020000b76      0x102 D:\work\VescChallenge\Outgoing\assignment1\galaxy_sdk\bsp\lib\libbsp_riscv.a(port.c.o)
                0x0000000020000b76                xPortStartScheduler
 .text.vPortValidateInterruptPriority
                0x0000000020000c78       0x8e D:\work\VescChallenge\Outgoing\assignment1\galaxy_sdk\bsp\lib\libbsp_riscv.a(port.c.o)
                0x0000000020000c78                vPortValidateInterruptPriority
 .text.vApplicationStackOverflowHook
                0x0000000020000d06        0xc D:\work\VescChallenge\Outgoing\assignment1\galaxy_sdk\bsp\lib\libbsp_riscv.a(port.c.o)
                0x0000000020000d06                vApplicationStackOverflowHook
 .text.vApplicationGetIdleTaskMemory
                0x0000000020000d12       0x18 D:\work\VescChallenge\Outgoing\assignment1\galaxy_sdk\bsp\lib\libbsp_riscv.a(port.c.o)
                0x0000000020000d12                vApplicationGetIdleTaskMemory
 .text.vApplicationGetTimerTaskMemory
                0x0000000020000d2a       0x1c D:\work\VescChallenge\Outgoing\assignment1\galaxy_sdk\bsp\lib\libbsp_riscv.a(port.c.o)
                0x0000000020000d2a                vApplicationGetTimerTaskMemory
 .text.soc_init
                0x0000000020000d46        0x4 D:\work\VescChallenge\Outgoing\assignment1\galaxy_sdk\bsp\lib\libbsp_riscv.a(soc_init.c.o)
                0x0000000020000d46                soc_init
 .text.bsp_rtc_clock_get_freq
                0x0000000020000d4a       0x18 D:\work\VescChallenge\Outgoing\assignment1\galaxy_sdk\bsp\lib\libbsp_riscv.a(soc_sysctl.c.o)
                0x0000000020000d4a                bsp_rtc_clock_get_freq
 .text.bsp_init
                0x0000000020000d62        0x2 D:\work\VescChallenge\Outgoing\assignment1\galaxy_sdk\bsp\lib\libbsp_riscv.a(soc_sysctl.c.o)
                0x0000000020000d62                bsp_init
 .text.system_default_exception_handler
                0x0000000020000d64       0x14 D:\work\VescChallenge\Outgoing\assignment1\galaxy_sdk\bsp\lib\libbsp_riscv.a(system_pegasus.c.o)
 .text.premain_system_init
                0x0000000020000d78        0x2 D:\work\VescChallenge\Outgoing\assignment1\galaxy_sdk\bsp\lib\libbsp_riscv.a(system_pegasus.c.o)
                0x0000000020000d78                premain_system_init
 .text.core_exception_handler
                0x0000000020000d7a       0x56 D:\work\VescChallenge\Outgoing\assignment1\galaxy_sdk\bsp\lib\libbsp_riscv.a(system_pegasus.c.o)
                0x0000000020000d7a                core_exception_handler
 .text._premain_init
                0x0000000020000dd0       0x58 D:\work\VescChallenge\Outgoing\assignment1\galaxy_sdk\bsp\lib\libbsp_riscv.a(system_pegasus.c.o)
                0x0000000020000dd0                _premain_init
 .text._postmain_fini
                0x0000000020000e28        0x2 D:\work\VescChallenge\Outgoing\assignment1\galaxy_sdk\bsp\lib\libbsp_riscv.a(system_pegasus.c.o)
                0x0000000020000e28                _postmain_fini
 .text._init    0x0000000020000e2a        0x2 D:\work\VescChallenge\Outgoing\assignment1\galaxy_sdk\bsp\lib\libbsp_riscv.a(system_pegasus.c.o)
                0x0000000020000e2a                _init
 .text._fini    0x0000000020000e2c        0x2 D:\work\VescChallenge\Outgoing\assignment1\galaxy_sdk\bsp\lib\libbsp_riscv.a(system_pegasus.c.o)
                0x0000000020000e2c                _fini
 .text.clk_get_rate
                0x0000000020000e2e       0x2e D:\work\VescChallenge\Outgoing\assignment1\galaxy_sdk\drivers\lib\libdriver_riscv.a(clock.c.o)
                0x0000000020000e2e                clk_get_rate
 .text.e203_uart_init
                0x0000000020000e5c       0x26 D:\work\VescChallenge\Outgoing\assignment1\galaxy_sdk\drivers\lib\libdriver_riscv.a(e203_uart.c.o)
                0x0000000020000e5c                e203_uart_init
 .text.uart_write
                0x0000000020000e82       0x12 D:\work\VescChallenge\Outgoing\assignment1\galaxy_sdk\drivers\lib\libdriver_riscv.a(e203_uart.c.o)
                0x0000000020000e82                uart_write
 .text.print_inner
                0x0000000020000e94      0x144 D:\work\VescChallenge\Outgoing\assignment1\galaxy_sdk\modules\lib\libcommon_riscv.a(uart_printf.c.o)
                0x0000000020000e94                print_inner
 .text.osal_create_task
                0x0000000020000fd8       0x58 D:\work\VescChallenge\Outgoing\assignment1\galaxy_sdk\osal\lib\libosal_riscv.a(osal_task.c.o)
                0x0000000020000fd8                osal_create_task
 .text.osal_delete_task
                0x0000000020001030        0x4 D:\work\VescChallenge\Outgoing\assignment1\galaxy_sdk\osal\lib\libosal_riscv.a(osal_task.c.o)
                0x0000000020001030                osal_delete_task
 .text.osal_start_scheduler
                0x0000000020001034        0x4 D:\work\VescChallenge\Outgoing\assignment1\galaxy_sdk\osal\lib\libosal_riscv.a(osal_task.c.o)
                0x0000000020001034                osal_start_scheduler
 .text.prvAddNewTaskToReadyList
                0x0000000020001038      0x16c D:\work\VescChallenge\Outgoing\assignment1\galaxy_sdk\os\lib\libos_riscv.a(tasks.c.o)
 .text.prvAddCurrentTaskToDelayedList
                0x00000000200011a4       0xa4 D:\work\VescChallenge\Outgoing\assignment1\galaxy_sdk\os\lib\libos_riscv.a(tasks.c.o)
 .text.vTaskSwitchContext.part.0
                0x0000000020001248       0xe0 D:\work\VescChallenge\Outgoing\assignment1\galaxy_sdk\os\lib\libos_riscv.a(tasks.c.o)
 .text.prvInitialiseNewTask.constprop.0
                0x0000000020001328       0xe0 D:\work\VescChallenge\Outgoing\assignment1\galaxy_sdk\os\lib\libos_riscv.a(tasks.c.o)
 .text.prvIdleTask
                0x0000000020001408       0xd4 D:\work\VescChallenge\Outgoing\assignment1\galaxy_sdk\os\lib\libos_riscv.a(tasks.c.o)
 .text.xTaskIncrementTick.part.0
                0x00000000200014dc      0x18a D:\work\VescChallenge\Outgoing\assignment1\galaxy_sdk\os\lib\libos_riscv.a(tasks.c.o)
 .text.xTaskResumeAll.part.0
                0x0000000020001666      0x16c D:\work\VescChallenge\Outgoing\assignment1\galaxy_sdk\os\lib\libos_riscv.a(tasks.c.o)
 .text.xTaskCreateStatic
                0x00000000200017d2       0x7e D:\work\VescChallenge\Outgoing\assignment1\galaxy_sdk\os\lib\libos_riscv.a(tasks.c.o)
                0x00000000200017d2                xTaskCreateStatic
 .text.xTaskCreate
                0x0000000020001850       0x7a D:\work\VescChallenge\Outgoing\assignment1\galaxy_sdk\os\lib\libos_riscv.a(tasks.c.o)
                0x0000000020001850                xTaskCreate
 .text.vTaskDelete
                0x00000000200018ca      0x140 D:\work\VescChallenge\Outgoing\assignment1\galaxy_sdk\os\lib\libos_riscv.a(tasks.c.o)
                0x00000000200018ca                vTaskDelete
 .text.vTaskStartScheduler
                0x0000000020001a0a       0x98 D:\work\VescChallenge\Outgoing\assignment1\galaxy_sdk\os\lib\libos_riscv.a(tasks.c.o)
                0x0000000020001a0a                vTaskStartScheduler
 .text.vTaskSuspendAll
                0x0000000020001aa2       0x10 D:\work\VescChallenge\Outgoing\assignment1\galaxy_sdk\os\lib\libos_riscv.a(tasks.c.o)
                0x0000000020001aa2                vTaskSuspendAll
 .text.xTaskResumeAll
                0x0000000020001ab2       0x22 D:\work\VescChallenge\Outgoing\assignment1\galaxy_sdk\os\lib\libos_riscv.a(tasks.c.o)
                0x0000000020001ab2                xTaskResumeAll
 .text.xTaskGetTickCount
                0x0000000020001ad4       0x20 D:\work\VescChallenge\Outgoing\assignment1\galaxy_sdk\os\lib\libos_riscv.a(tasks.c.o)
                0x0000000020001ad4                xTaskGetTickCount
 .text.xTaskIncrementTick
                0x0000000020001af4       0x1e D:\work\VescChallenge\Outgoing\assignment1\galaxy_sdk\os\lib\libos_riscv.a(tasks.c.o)
                0x0000000020001af4                xTaskIncrementTick
 .text.vTaskSwitchContext
                0x0000000020001b12       0x1a D:\work\VescChallenge\Outgoing\assignment1\galaxy_sdk\os\lib\libos_riscv.a(tasks.c.o)
                0x0000000020001b12                vTaskSwitchContext
 .text.vTaskPlaceOnEventList
                0x0000000020001b2c       0x3a D:\work\VescChallenge\Outgoing\assignment1\galaxy_sdk\os\lib\libos_riscv.a(tasks.c.o)
                0x0000000020001b2c                vTaskPlaceOnEventList
 .text.vTaskPlaceOnEventListRestricted
                0x0000000020001b66       0x44 D:\work\VescChallenge\Outgoing\assignment1\galaxy_sdk\os\lib\libos_riscv.a(tasks.c.o)
                0x0000000020001b66                vTaskPlaceOnEventListRestricted
 .text.xTaskRemoveFromEventList
                0x0000000020001baa       0x9a D:\work\VescChallenge\Outgoing\assignment1\galaxy_sdk\os\lib\libos_riscv.a(tasks.c.o)
                0x0000000020001baa                xTaskRemoveFromEventList
 .text.vTaskInternalSetTimeOutState
                0x0000000020001c44       0x16 D:\work\VescChallenge\Outgoing\assignment1\galaxy_sdk\os\lib\libos_riscv.a(tasks.c.o)
                0x0000000020001c44                vTaskInternalSetTimeOutState
 .text.xTaskCheckForTimeOut
                0x0000000020001c5a       0xa0 D:\work\VescChallenge\Outgoing\assignment1\galaxy_sdk\os\lib\libos_riscv.a(tasks.c.o)
                0x0000000020001c5a                xTaskCheckForTimeOut
 .text.vTaskMissedYield
                0x0000000020001cfa        0xc D:\work\VescChallenge\Outgoing\assignment1\galaxy_sdk\os\lib\libos_riscv.a(tasks.c.o)
                0x0000000020001cfa                vTaskMissedYield
 .text.xTaskGetSchedulerState
                0x0000000020001d06       0x1c D:\work\VescChallenge\Outgoing\assignment1\galaxy_sdk\os\lib\libos_riscv.a(tasks.c.o)
                0x0000000020001d06                xTaskGetSchedulerState
 .text.xTaskPriorityDisinherit
                0x0000000020001d22       0x9e D:\work\VescChallenge\Outgoing\assignment1\galaxy_sdk\os\lib\libos_riscv.a(tasks.c.o)
                0x0000000020001d22                xTaskPriorityDisinherit
 .text.vListInitialise
                0x0000000020001dc0       0x14 D:\work\VescChallenge\Outgoing\assignment1\galaxy_sdk\os\lib\libos_riscv.a(list.c.o)
                0x0000000020001dc0                vListInitialise
 .text.vListInitialiseItem
                0x0000000020001dd4        0x6 D:\work\VescChallenge\Outgoing\assignment1\galaxy_sdk\os\lib\libos_riscv.a(list.c.o)
                0x0000000020001dd4                vListInitialiseItem
 .text.vListInsertEnd
                0x0000000020001dda       0x1a D:\work\VescChallenge\Outgoing\assignment1\galaxy_sdk\os\lib\libos_riscv.a(list.c.o)
                0x0000000020001dda                vListInsertEnd
 .text.vListInsert
                0x0000000020001df4       0x2e D:\work\VescChallenge\Outgoing\assignment1\galaxy_sdk\os\lib\libos_riscv.a(list.c.o)
                0x0000000020001df4                vListInsert
 .text.uxListRemove
                0x0000000020001e22       0x2e D:\work\VescChallenge\Outgoing\assignment1\galaxy_sdk\os\lib\libos_riscv.a(list.c.o)
                0x0000000020001e22                uxListRemove
 .text.prvCheckForValidListAndQueue
                0x0000000020001e50       0x7e D:\work\VescChallenge\Outgoing\assignment1\galaxy_sdk\os\lib\libos_riscv.a(timers.c.o)
 .text.xTimerCreateTimerTask
                0x0000000020001ece       0x64 D:\work\VescChallenge\Outgoing\assignment1\galaxy_sdk\os\lib\libos_riscv.a(timers.c.o)
                0x0000000020001ece                xTimerCreateTimerTask
 .text.xTimerGenericCommand
                0x0000000020001f32       0x86 D:\work\VescChallenge\Outgoing\assignment1\galaxy_sdk\os\lib\libos_riscv.a(timers.c.o)
                0x0000000020001f32                xTimerGenericCommand
 .text.prvSwitchTimerLists
                0x0000000020001fb8       0x94 D:\work\VescChallenge\Outgoing\assignment1\galaxy_sdk\os\lib\libos_riscv.a(timers.c.o)
 .text.prvTimerTask
                0x000000002000204c      0x29c D:\work\VescChallenge\Outgoing\assignment1\galaxy_sdk\os\lib\libos_riscv.a(timers.c.o)
 .text.prvInsertBlockIntoFreeList
                0x00000000200022e8       0x4e D:\work\VescChallenge\Outgoing\assignment1\galaxy_sdk\os\lib\libos_riscv.a(heap_4.c.o)
 .text.pvPortMalloc
                0x0000000020002336      0x1a4 D:\work\VescChallenge\Outgoing\assignment1\galaxy_sdk\os\lib\libos_riscv.a(heap_4.c.o)
                0x0000000020002336                pvPortMalloc
 .text.vPortFree
                0x00000000200024da       0x8a D:\work\VescChallenge\Outgoing\assignment1\galaxy_sdk\os\lib\libos_riscv.a(heap_4.c.o)
                0x00000000200024da                vPortFree
 .text.prvCopyDataToQueue
                0x0000000020002564       0xa8 D:\work\VescChallenge\Outgoing\assignment1\galaxy_sdk\os\lib\libos_riscv.a(queue.c.o)
 .text.prvNotifyQueueSetContainer
                0x000000002000260c       0xb2 D:\work\VescChallenge\Outgoing\assignment1\galaxy_sdk\os\lib\libos_riscv.a(queue.c.o)
 .text.prvUnlockQueue
                0x00000000200026be       0xc4 D:\work\VescChallenge\Outgoing\assignment1\galaxy_sdk\os\lib\libos_riscv.a(queue.c.o)
 .text.xQueueGenericReset
                0x0000000020002782       0xbc D:\work\VescChallenge\Outgoing\assignment1\galaxy_sdk\os\lib\libos_riscv.a(queue.c.o)
                0x0000000020002782                xQueueGenericReset
 .text.xQueueGenericCreateStatic
                0x000000002000283e       0xcc D:\work\VescChallenge\Outgoing\assignment1\galaxy_sdk\os\lib\libos_riscv.a(queue.c.o)
                0x000000002000283e                xQueueGenericCreateStatic
 .text.xQueueGenericSend
                0x000000002000290a      0x20a D:\work\VescChallenge\Outgoing\assignment1\galaxy_sdk\os\lib\libos_riscv.a(queue.c.o)
                0x000000002000290a                xQueueGenericSend
 .text.xQueueGenericSendFromISR
                0x0000000020002b14      0x146 D:\work\VescChallenge\Outgoing\assignment1\galaxy_sdk\os\lib\libos_riscv.a(queue.c.o)
                0x0000000020002b14                xQueueGenericSendFromISR
 .text.xQueueReceive
                0x0000000020002c5a      0x1c2 D:\work\VescChallenge\Outgoing\assignment1\galaxy_sdk\os\lib\libos_riscv.a(queue.c.o)
                0x0000000020002c5a                xQueueReceive
 .text.vQueueWaitForMessageRestricted
                0x0000000020002e1c       0x6c D:\work\VescChallenge\Outgoing\assignment1\galaxy_sdk\os\lib\libos_riscv.a(queue.c.o)
                0x0000000020002e1c                vQueueWaitForMessageRestricted
 .text.__udivdi3
                0x0000000020002e88      0x360 d:/programe/nucleistudio/toolchain/gcc/bin/../lib/gcc/riscv-nuclei-elf/10.2.0/rv32imafc/ilp32f\libgcc.a(_udivdi3.o)
                0x0000000020002e88                __udivdi3
 .text.__umoddi3
                0x00000000200031e8      0x340 d:/programe/nucleistudio/toolchain/gcc/bin/../lib/gcc/riscv-nuclei-elf/10.2.0/rv32imafc/ilp32f\libgcc.a(_umoddi3.o)
                0x00000000200031e8                __umoddi3
 .text.atexit   0x0000000020003528        0xa d:/programe/nucleistudio/toolchain/gcc/bin/../lib/gcc/riscv-nuclei-elf/10.2.0/../../../../riscv-nuclei-elf/lib/rv32imafc/ilp32f\libg_nano.a(lib_a-atexit.o)
                0x0000000020003528                atexit
 .text.__libc_fini_array
                0x0000000020003532       0x36 d:/programe/nucleistudio/toolchain/gcc/bin/../lib/gcc/riscv-nuclei-elf/10.2.0/../../../../riscv-nuclei-elf/lib/rv32imafc/ilp32f\libg_nano.a(lib_a-fini.o)
                0x0000000020003532                __libc_fini_array
 .text.__libc_init_array
                0x0000000020003568       0x5e d:/programe/nucleistudio/toolchain/gcc/bin/../lib/gcc/riscv-nuclei-elf/10.2.0/../../../../riscv-nuclei-elf/lib/rv32imafc/ilp32f\libg_nano.a(lib_a-init.o)
                0x0000000020003568                __libc_init_array
 .text.memcpy   0x00000000200035c6       0xdc d:/programe/nucleistudio/toolchain/gcc/bin/../lib/gcc/riscv-nuclei-elf/10.2.0/../../../../riscv-nuclei-elf/lib/rv32imafc/ilp32f\libg_nano.a(lib_a-memcpy.o)
                0x00000000200035c6                memcpy
 .text          0x00000000200036a2       0xa8 d:/programe/nucleistudio/toolchain/gcc/bin/../lib/gcc/riscv-nuclei-elf/10.2.0/../../../../riscv-nuclei-elf/lib/rv32imafc/ilp32f\libg_nano.a(lib_a-memset.o)
                0x00000000200036a2                memset
 .text._free_r  0x000000002000374a       0xa2 d:/programe/nucleistudio/toolchain/gcc/bin/../lib/gcc/riscv-nuclei-elf/10.2.0/../../../../riscv-nuclei-elf/lib/rv32imafc/ilp32f\libg_nano.a(lib_a-nano-freer.o)
                0x000000002000374a                _free_r
 .text._malloc_r
                0x00000000200037ec       0xd8 d:/programe/nucleistudio/toolchain/gcc/bin/../lib/gcc/riscv-nuclei-elf/10.2.0/../../../../riscv-nuclei-elf/lib/rv32imafc/ilp32f\libg_nano.a(lib_a-nano-mallocr.o)
                0x00000000200037ec                _malloc_r
 .text.printf   0x00000000200038c4       0x38 d:/programe/nucleistudio/toolchain/gcc/bin/../lib/gcc/riscv-nuclei-elf/10.2.0/../../../../riscv-nuclei-elf/lib/rv32imafc/ilp32f\libg_nano.a(lib_a-printf.o)
                0x00000000200038c4                iprintf
                0x00000000200038c4                printf
 .text._sbrk_r  0x00000000200038fc       0x30 d:/programe/nucleistudio/toolchain/gcc/bin/../lib/gcc/riscv-nuclei-elf/10.2.0/../../../../riscv-nuclei-elf/lib/rv32imafc/ilp32f\libg_nano.a(lib_a-sbrkr.o)
                0x00000000200038fc                _sbrk_r
 .text.isatty   0x000000002000392c        0x4 d:/programe/nucleistudio/toolchain/gcc/bin/../lib/gcc/riscv-nuclei-elf/10.2.0/../../../../riscv-nuclei-elf/lib/rv32imafc/ilp32f\libg_nano.a(lib_a-sysisatty.o)
                0x000000002000392c                isatty
 .text.__register_exitproc
                0x0000000020003930       0x7c d:/programe/nucleistudio/toolchain/gcc/bin/../lib/gcc/riscv-nuclei-elf/10.2.0/../../../../riscv-nuclei-elf/lib/rv32imafc/ilp32f\libg_nano.a(lib_a-__atexit.o)
                0x0000000020003930                __register_exitproc
 .text.std      0x00000000200039ac       0x68 d:/programe/nucleistudio/toolchain/gcc/bin/../lib/gcc/riscv-nuclei-elf/10.2.0/../../../../riscv-nuclei-elf/lib/rv32imafc/ilp32f\libg_nano.a(lib_a-findfp.o)
 .text._cleanup_r
                0x0000000020003a14        0xa d:/programe/nucleistudio/toolchain/gcc/bin/../lib/gcc/riscv-nuclei-elf/10.2.0/../../../../riscv-nuclei-elf/lib/rv32imafc/ilp32f\libg_nano.a(lib_a-findfp.o)
                0x0000000020003a14                _cleanup_r
 .text.__sfmoreglue
                0x0000000020003a1e       0x46 d:/programe/nucleistudio/toolchain/gcc/bin/../lib/gcc/riscv-nuclei-elf/10.2.0/../../../../riscv-nuclei-elf/lib/rv32imafc/ilp32f\libg_nano.a(lib_a-findfp.o)
                0x0000000020003a1e                __sfmoreglue
 .text.__sinit  0x0000000020003a64       0x6a d:/programe/nucleistudio/toolchain/gcc/bin/../lib/gcc/riscv-nuclei-elf/10.2.0/../../../../riscv-nuclei-elf/lib/rv32imafc/ilp32f\libg_nano.a(lib_a-findfp.o)
                0x0000000020003a64                __sinit
 .text.__sfp    0x0000000020003ace       0x9e d:/programe/nucleistudio/toolchain/gcc/bin/../lib/gcc/riscv-nuclei-elf/10.2.0/../../../../riscv-nuclei-elf/lib/rv32imafc/ilp32f\libg_nano.a(lib_a-findfp.o)
                0x0000000020003ace                __sfp
 .text._fwalk_reent
                0x0000000020003b6c       0x6a d:/programe/nucleistudio/toolchain/gcc/bin/../lib/gcc/riscv-nuclei-elf/10.2.0/../../../../riscv-nuclei-elf/lib/rv32imafc/ilp32f\libg_nano.a(lib_a-fwalk.o)
                0x0000000020003b6c                _fwalk_reent
 .text.__malloc_lock
                0x0000000020003bd6        0x2 d:/programe/nucleistudio/toolchain/gcc/bin/../lib/gcc/riscv-nuclei-elf/10.2.0/../../../../riscv-nuclei-elf/lib/rv32imafc/ilp32f\libg_nano.a(lib_a-mlock.o)
                0x0000000020003bd6                __malloc_lock
 .text.__malloc_unlock
                0x0000000020003bd8        0x2 d:/programe/nucleistudio/toolchain/gcc/bin/../lib/gcc/riscv-nuclei-elf/10.2.0/../../../../riscv-nuclei-elf/lib/rv32imafc/ilp32f\libg_nano.a(lib_a-mlock.o)
                0x0000000020003bd8                __malloc_unlock
 .text.__sfputc_r
                0x0000000020003bda       0x28 d:/programe/nucleistudio/toolchain/gcc/bin/../lib/gcc/riscv-nuclei-elf/10.2.0/../../../../riscv-nuclei-elf/lib/rv32imafc/ilp32f\libg_nano.a(lib_a-nano-vfprintf.o)
 .text.__sfputs_r
                0x0000000020003c02       0x42 d:/programe/nucleistudio/toolchain/gcc/bin/../lib/gcc/riscv-nuclei-elf/10.2.0/../../../../riscv-nuclei-elf/lib/rv32imafc/ilp32f\libg_nano.a(lib_a-nano-vfprintf.o)
                0x0000000020003c02                __sfputs_r
 .text._vfprintf_r
                0x0000000020003c44      0x298 d:/programe/nucleistudio/toolchain/gcc/bin/../lib/gcc/riscv-nuclei-elf/10.2.0/../../../../riscv-nuclei-elf/lib/rv32imafc/ilp32f\libg_nano.a(lib_a-nano-vfprintf.o)
                0x0000000020003c44                _vfprintf_r
                0x0000000020003c44                _vfiprintf_r
 .text._printf_common
                0x0000000020003edc      0x10c d:/programe/nucleistudio/toolchain/gcc/bin/../lib/gcc/riscv-nuclei-elf/10.2.0/../../../../riscv-nuclei-elf/lib/rv32imafc/ilp32f\libg_nano.a(lib_a-nano-vfprintf_i.o)
                0x0000000020003edc                _printf_common
 .text._printf_i
                0x0000000020003fe8      0x270 d:/programe/nucleistudio/toolchain/gcc/bin/../lib/gcc/riscv-nuclei-elf/10.2.0/../../../../riscv-nuclei-elf/lib/rv32imafc/ilp32f\libg_nano.a(lib_a-nano-vfprintf_i.o)
                0x0000000020003fe8                _printf_i
 .text.__sread  0x0000000020004258       0x30 d:/programe/nucleistudio/toolchain/gcc/bin/../lib/gcc/riscv-nuclei-elf/10.2.0/../../../../riscv-nuclei-elf/lib/rv32imafc/ilp32f\libg_nano.a(lib_a-stdio.o)
                0x0000000020004258                __sread
 .text.__swrite
                0x0000000020004288       0x4e d:/programe/nucleistudio/toolchain/gcc/bin/../lib/gcc/riscv-nuclei-elf/10.2.0/../../../../riscv-nuclei-elf/lib/rv32imafc/ilp32f\libg_nano.a(lib_a-stdio.o)
                0x0000000020004288                __swrite
 .text.__sseek  0x00000000200042d6       0x36 d:/programe/nucleistudio/toolchain/gcc/bin/../lib/gcc/riscv-nuclei-elf/10.2.0/../../../../riscv-nuclei-elf/lib/rv32imafc/ilp32f\libg_nano.a(lib_a-stdio.o)
                0x00000000200042d6                __sseek
 .text.__sclose
                0x000000002000430c        0x6 d:/programe/nucleistudio/toolchain/gcc/bin/../lib/gcc/riscv-nuclei-elf/10.2.0/../../../../riscv-nuclei-elf/lib/rv32imafc/ilp32f\libg_nano.a(lib_a-stdio.o)
                0x000000002000430c                __sclose
 .text.__swbuf_r
                0x0000000020004312       0xc2 d:/programe/nucleistudio/toolchain/gcc/bin/../lib/gcc/riscv-nuclei-elf/10.2.0/../../../../riscv-nuclei-elf/lib/rv32imafc/ilp32f\libg_nano.a(lib_a-wbuf.o)
                0x0000000020004312                __swbuf_r
 .text._write_r
                0x00000000200043d4       0x34 d:/programe/nucleistudio/toolchain/gcc/bin/../lib/gcc/riscv-nuclei-elf/10.2.0/../../../../riscv-nuclei-elf/lib/rv32imafc/ilp32f\libg_nano.a(lib_a-writer.o)
                0x00000000200043d4                _write_r
 .text.__swsetup_r
                0x0000000020004408      0x10a d:/programe/nucleistudio/toolchain/gcc/bin/../lib/gcc/riscv-nuclei-elf/10.2.0/../../../../riscv-nuclei-elf/lib/rv32imafc/ilp32f\libg_nano.a(lib_a-wsetup.o)
                0x0000000020004408                __swsetup_r
 .text._close_r
                0x0000000020004512       0x30 d:/programe/nucleistudio/toolchain/gcc/bin/../lib/gcc/riscv-nuclei-elf/10.2.0/../../../../riscv-nuclei-elf/lib/rv32imafc/ilp32f\libg_nano.a(lib_a-closer.o)
                0x0000000020004512                _close_r
 .text.__sflush_r
                0x0000000020004542      0x148 d:/programe/nucleistudio/toolchain/gcc/bin/../lib/gcc/riscv-nuclei-elf/10.2.0/../../../../riscv-nuclei-elf/lib/rv32imafc/ilp32f\libg_nano.a(lib_a-fflush.o)
                0x0000000020004542                __sflush_r
 .text._fflush_r
                0x000000002000468a       0x66 d:/programe/nucleistudio/toolchain/gcc/bin/../lib/gcc/riscv-nuclei-elf/10.2.0/../../../../riscv-nuclei-elf/lib/rv32imafc/ilp32f\libg_nano.a(lib_a-fflush.o)
                0x000000002000468a                _fflush_r
 .text._lseek_r
                0x00000000200046f0       0x34 d:/programe/nucleistudio/toolchain/gcc/bin/../lib/gcc/riscv-nuclei-elf/10.2.0/../../../../riscv-nuclei-elf/lib/rv32imafc/ilp32f\libg_nano.a(lib_a-lseekr.o)
                0x00000000200046f0                _lseek_r
 .text.__swhatbuf_r
                0x0000000020004724       0x5a d:/programe/nucleistudio/toolchain/gcc/bin/../lib/gcc/riscv-nuclei-elf/10.2.0/../../../../riscv-nuclei-elf/lib/rv32imafc/ilp32f\libg_nano.a(lib_a-makebuf.o)
                0x0000000020004724                __swhatbuf_r
 .text.__smakebuf_r
                0x000000002000477e       0x9e d:/programe/nucleistudio/toolchain/gcc/bin/../lib/gcc/riscv-nuclei-elf/10.2.0/../../../../riscv-nuclei-elf/lib/rv32imafc/ilp32f\libg_nano.a(lib_a-makebuf.o)
                0x000000002000477e                __smakebuf_r
 .text.memchr   0x000000002000481c       0x1a d:/programe/nucleistudio/toolchain/gcc/bin/../lib/gcc/riscv-nuclei-elf/10.2.0/../../../../riscv-nuclei-elf/lib/rv32imafc/ilp32f\libg_nano.a(lib_a-memchr.o)
                0x000000002000481c                memchr
 .text._read_r  0x0000000020004836       0x34 d:/programe/nucleistudio/toolchain/gcc/bin/../lib/gcc/riscv-nuclei-elf/10.2.0/../../../../riscv-nuclei-elf/lib/rv32imafc/ilp32f\libg_nano.a(lib_a-readr.o)
                0x0000000020004836                _read_r
 .text._fstat_r
                0x000000002000486a       0x32 d:/programe/nucleistudio/toolchain/gcc/bin/../lib/gcc/riscv-nuclei-elf/10.2.0/../../../../riscv-nuclei-elf/lib/rv32imafc/ilp32f\libg_nano.a(lib_a-fstatr.o)
                0x000000002000486a                _fstat_r
 .text._isatty_r
                0x000000002000489c       0x30 d:/programe/nucleistudio/toolchain/gcc/bin/../lib/gcc/riscv-nuclei-elf/10.2.0/../../../../riscv-nuclei-elf/lib/rv32imafc/ilp32f\libg_nano.a(lib_a-isattyr.o)
                0x000000002000489c                _isatty_r
 .text._sbrk    0x00000000200048cc       0x20 d:/programe/nucleistudio/toolchain/gcc/bin/../lib/gcc/riscv-nuclei-elf/10.2.0/../../../../riscv-nuclei-elf/lib/rv32imafc/ilp32f\libnosys.a(sbrk.o)
                0x00000000200048cc                _sbrk
 *(.gnu.linkonce.t.*)
                0x00000000200048f0                . = ALIGN (0x8)
 *fill*         0x00000000200048ec        0x4 
 *(.srodata.cst16)
 *(.srodata.cst8)
 *(.srodata.cst4)
 *(.srodata.cst2)
 *(.srodata .srodata.*)
 .srodata._global_impure_ptr
                0x00000000200048f0        0x4 d:/programe/nucleistudio/toolchain/gcc/bin/../lib/gcc/riscv-nuclei-elf/10.2.0/../../../../riscv-nuclei-elf/lib/rv32imafc/ilp32f\libg_nano.a(lib_a-impure.o)
                0x00000000200048f0                _global_impure_ptr
 *(.rdata)
 *(.rodata .rodata.*)
 .rodata.task_Hello_VeriSilicon_exec.str1.4
                0x00000000200048f4       0x14 ./galaxy_sdk/tasks/src/task_Hello_VeriSilicon.o
 .rodata.task_Hello_VeriSilicon_create.str1.4
                0x0000000020004908       0x12 ./galaxy_sdk/tasks/src/task_Hello_VeriSilicon.o
 *fill*         0x000000002000491a        0x2 
 .rodata.main.str1.4
                0x000000002000491c       0x2a ./galaxy_sdk/main.o
 *fill*         0x0000000020004946        0x2 
 .rodata.vApplicationStackOverflowHook.str1.4
                0x0000000020004948       0x1d D:\work\VescChallenge\Outgoing\assignment1\galaxy_sdk\bsp\lib\libbsp_riscv.a(port.c.o)
 *fill*         0x0000000020004965        0x3 
 .rodata.system_default_exception_handler.str1.4
                0x0000000020004968       0x11 D:\work\VescChallenge\Outgoing\assignment1\galaxy_sdk\bsp\lib\libbsp_riscv.a(system_pegasus.c.o)
 *fill*         0x0000000020004979        0x3 
 .rodata.str1.4
                0x000000002000497c        0x7 D:\work\VescChallenge\Outgoing\assignment1\galaxy_sdk\modules\lib\libcommon_riscv.a(uart_printf.c.o)
 *fill*         0x0000000020004983        0x1 
 .rodata.str1.4
                0x0000000020004984       0xc7 D:\work\VescChallenge\Outgoing\assignment1\galaxy_sdk\modules\lib\libcommon_riscv.a(vpi_error.c.o)
 *fill*         0x0000000020004a4b        0x1 
 .rodata        0x0000000020004a4c       0x34 D:\work\VescChallenge\Outgoing\assignment1\galaxy_sdk\modules\lib\libcommon_riscv.a(vpi_error.c.o)
 .rodata.CSWTCH.14
                0x0000000020004a80       0x48 D:\work\VescChallenge\Outgoing\assignment1\galaxy_sdk\modules\lib\libcommon_riscv.a(vpi_error.c.o)
 .rodata.osal_create_task.str1.4
                0x0000000020004ac8       0x22 D:\work\VescChallenge\Outgoing\assignment1\galaxy_sdk\osal\lib\libosal_riscv.a(osal_task.c.o)
 *fill*         0x0000000020004aea        0x2 
 .rodata.vTaskStartScheduler.str1.4
                0x0000000020004aec        0x9 D:\work\VescChallenge\Outgoing\assignment1\galaxy_sdk\os\lib\libos_riscv.a(tasks.c.o)
 *fill*         0x0000000020004af5        0x3 
 .rodata.xTimerCreateTimerTask.str1.4
                0x0000000020004af8        0xa D:\work\VescChallenge\Outgoing\assignment1\galaxy_sdk\os\lib\libos_riscv.a(timers.c.o)
 *fill*         0x0000000020004b02        0x2 
 .rodata.prvTimerTask
                0x0000000020004b04       0x28 D:\work\VescChallenge\Outgoing\assignment1\galaxy_sdk\os\lib\libos_riscv.a(timers.c.o)
 .rodata.__clz_tab
                0x0000000020004b2c      0x100 d:/programe/nucleistudio/toolchain/gcc/bin/../lib/gcc/riscv-nuclei-elf/10.2.0/rv32imafc/ilp32f\libgcc.a(_clz.o)
                0x0000000020004b2c                __clz_tab
 .rodata.__sf_fake_stderr
                0x0000000020004c2c       0x20 d:/programe/nucleistudio/toolchain/gcc/bin/../lib/gcc/riscv-nuclei-elf/10.2.0/../../../../riscv-nuclei-elf/lib/rv32imafc/ilp32f\libg_nano.a(lib_a-findfp.o)
                0x0000000020004c2c                __sf_fake_stderr
 .rodata.__sf_fake_stdin
                0x0000000020004c4c       0x20 d:/programe/nucleistudio/toolchain/gcc/bin/../lib/gcc/riscv-nuclei-elf/10.2.0/../../../../riscv-nuclei-elf/lib/rv32imafc/ilp32f\libg_nano.a(lib_a-findfp.o)
                0x0000000020004c4c                __sf_fake_stdin
 .rodata.__sf_fake_stdout
                0x0000000020004c6c       0x20 d:/programe/nucleistudio/toolchain/gcc/bin/../lib/gcc/riscv-nuclei-elf/10.2.0/../../../../riscv-nuclei-elf/lib/rv32imafc/ilp32f\libg_nano.a(lib_a-findfp.o)
                0x0000000020004c6c                __sf_fake_stdout
 .rodata._vfprintf_r.str1.4
                0x0000000020004c8c       0x13 d:/programe/nucleistudio/toolchain/gcc/bin/../lib/gcc/riscv-nuclei-elf/10.2.0/../../../../riscv-nuclei-elf/lib/rv32imafc/ilp32f\libg_nano.a(lib_a-nano-vfprintf.o)
 *fill*         0x0000000020004c9f        0x1 
 .rodata._printf_i.str1.4
                0x0000000020004ca0       0x25 d:/programe/nucleistudio/toolchain/gcc/bin/../lib/gcc/riscv-nuclei-elf/10.2.0/../../../../riscv-nuclei-elf/lib/rv32imafc/ilp32f\libg_nano.a(lib_a-nano-vfprintf_i.o)
 *fill*         0x0000000020004cc5        0x3 
 .rodata._printf_i
                0x0000000020004cc8       0x58 d:/programe/nucleistudio/toolchain/gcc/bin/../lib/gcc/riscv-nuclei-elf/10.2.0/../../../../riscv-nuclei-elf/lib/rv32imafc/ilp32f\libg_nano.a(lib_a-nano-vfprintf_i.o)
 *(.gnu.linkonce.r.*)
                0x0000000020004d20                . = ALIGN (0x4)
                0x0000000020004d20                __rt_init_start = .
 *(SORT_BY_NAME(.rti_fn*))
                0x0000000020004d20                __rt_init_end = .
                0x0000000020004d20                . = ALIGN (0x4)
                0x0000000020004d20                __fsymtab_start = .
 *(FSymTab)
                0x0000000020004d20                __fsymtab_end = .
                0x0000000020004d20                . = ALIGN (0x4)
                0x0000000020004d20                __vsymtab_start = .
 *(VSymTab)
                0x0000000020004d20                __vsymtab_end = .

.stext          0x0000000020004d20      0x712
 .stext         0x0000000020004d20      0x5f8 D:\work\VescChallenge\Outgoing\assignment1\galaxy_sdk\modules\lib\libcommon_riscv.a(uart_printf.c.o)
                0x00000000200052be                uart_printf
                0x00000000200052da                uart_sprintf
                0x00000000200052fe                uart_debug_init
 .stext         0x0000000020005318      0x11a D:\work\VescChallenge\Outgoing\assignment1\galaxy_sdk\modules\lib\libcommon_riscv.a(vpi_error.c.o)
                0x0000000020005318                vsd_to_vpi
                0x0000000020005332                vpi_error_print
                0x000000002000542e                vsa_to_vpi

.rela.dyn       0x0000000020005434        0x0
 .rela.text.irq
                0x0000000020005434        0x0 ./galaxy_sdk/tasks/src/task_Hello_VeriSilicon.o
 .rela.init     0x0000000020005434        0x0 ./galaxy_sdk/tasks/src/task_Hello_VeriSilicon.o
 .rela.text.__libc_fini_array
                0x0000000020005434        0x0 ./galaxy_sdk/tasks/src/task_Hello_VeriSilicon.o
 .rela.text.__libc_init_array
                0x0000000020005434        0x0 ./galaxy_sdk/tasks/src/task_Hello_VeriSilicon.o
 .rela.text.__register_exitproc
                0x0000000020005434        0x0 ./galaxy_sdk/tasks/src/task_Hello_VeriSilicon.o
 .rela.text._vfprintf_r
                0x0000000020005434        0x0 ./galaxy_sdk/tasks/src/task_Hello_VeriSilicon.o
 .rela.text._sbrk
                0x0000000020005434        0x0 ./galaxy_sdk/tasks/src/task_Hello_VeriSilicon.o

.fini
 *(SORT_NONE(.fini))

.preinit_array  0x0000000020005432        0x0
                0x0000000020005432                PROVIDE (__preinit_array_start = .)
 *(.preinit_array)
                0x0000000020005432                PROVIDE (__preinit_array_end = .)

.init_array     0x0000000020005432        0x0
                0x0000000020005432                PROVIDE (__init_array_start = .)
 *(SORT_BY_INIT_PRIORITY(.init_array.*) SORT_BY_INIT_PRIORITY(.ctors.*))
 *(.init_array EXCLUDE_FILE(*crtend?.o *crtend.o *crtbegin?.o *crtbegin.o) .ctors)
                0x0000000020005432                PROVIDE (__init_array_end = .)

.fini_array     0x0000000020005432        0x0
                0x0000000020005432                PROVIDE (__fini_array_start = .)
 *(SORT_BY_INIT_PRIORITY(.fini_array.*) SORT_BY_INIT_PRIORITY(.dtors.*))
 *(.fini_array EXCLUDE_FILE(*crtend?.o *crtend.o *crtbegin?.o *crtbegin.o) .dtors)
                0x0000000020005432                PROVIDE (__fini_array_end = .)

.ctors
 *crtbegin.o(.ctors)
 *crtbegin?.o(.ctors)
 *(EXCLUDE_FILE(*crtend?.o *crtend.o) .ctors)
 *(SORT_BY_NAME(.ctors.*))
 *(.ctors)

.dtors
 *crtbegin.o(.dtors)
 *crtbegin?.o(.dtors)
 *(EXCLUDE_FILE(*crtend?.o *crtend.o) .dtors)
 *(SORT_BY_NAME(.dtors.*))
 *(.dtors)
                [!provide]                        PROVIDE (_ilm_lma = LOADADDR (.text))
                [!provide]                        PROVIDE (_ilm = ADDR (.text))
                [!provide]                        PROVIDE (_eilm = .)
                0x0000000020000340                PROVIDE (_text_lma = LOADADDR (.text))
                0x0000000020000340                PROVIDE (_text = ADDR (.text))
                0x0000000020005432                PROVIDE (_etext = .)
                [!provide]                        PROVIDE (__etext = .)
                [!provide]                        PROVIDE (etext = .)

.data           0x0000000090000000       0x78 load address 0x0000000020005438
 *(.data.ctest*)
 *(.data .data.*)
 .data.impure_data
                0x0000000090000000       0x60 d:/programe/nucleistudio/toolchain/gcc/bin/../lib/gcc/riscv-nuclei-elf/10.2.0/../../../../riscv-nuclei-elf/lib/rv32imafc/ilp32f\libg_nano.a(lib_a-impure.o)
 *(.gnu.linkonce.d.*)
                0x0000000090000060                . = ALIGN (0x8)
                0x0000000090000860                PROVIDE (__global_pointer$ = (. + 0x800))
 *(.sdata .sdata.* .sdata*)
 .sdata.uxCriticalNesting
                0x0000000090000060        0x4 D:\work\VescChallenge\Outgoing\assignment1\galaxy_sdk\bsp\lib\libbsp_riscv.a(port.c.o)
 .sdata.uxMaxSysCallMTH
                0x0000000090000064        0x1 D:\work\VescChallenge\Outgoing\assignment1\galaxy_sdk\bsp\lib\libbsp_riscv.a(port.c.o)
                0x0000000090000064                uxMaxSysCallMTH
 *fill*         0x0000000090000065        0x3 
 .sdata.vs_logging_level
                0x0000000090000068        0x4 D:\work\VescChallenge\Outgoing\assignment1\galaxy_sdk\modules\lib\libcommon_riscv.a(vs_logging.c.o)
                0x0000000090000068                vs_logging_level
 .sdata.uxTopUsedPriority
                0x000000009000006c        0x4 D:\work\VescChallenge\Outgoing\assignment1\galaxy_sdk\os\lib\libos_riscv.a(tasks.c.o)
                0x000000009000006c                uxTopUsedPriority
 .sdata._impure_ptr
                0x0000000090000070        0x4 d:/programe/nucleistudio/toolchain/gcc/bin/../lib/gcc/riscv-nuclei-elf/10.2.0/../../../../riscv-nuclei-elf/lib/rv32imafc/ilp32f\libg_nano.a(lib_a-impure.o)
                0x0000000090000070                _impure_ptr
 *(.gnu.linkonce.s.*)
                0x0000000090000078                . = ALIGN (0x8)
 *fill*         0x0000000090000074        0x4 

.RTOS_HEAP_SEC  0x0000000090000078     0x80e8 load address 0x00000000200054b0
 .RTOS_HEAP_SEC
                0x0000000090000078     0x80e8 D:\work\VescChallenge\Outgoing\assignment1\galaxy_sdk\bsp\lib\libbsp_riscv.a(port.c.o)
                0x0000000090000960                ucHeap

.tdata          0x0000000090008160        0x0 load address 0x000000002000d598
                0x0000000090008160                PROVIDE (__tls_base = .)
 *(.tdata .tdata.* .gnu.linkonce.td.*)
                0x0000000020005438                PROVIDE (_data_lma = LOADADDR (.data))
                0x0000000090000000                PROVIDE (_data = ADDR (.data))
                0x0000000090008160                PROVIDE (_edata = .)
                [!provide]                        PROVIDE (edata = .)
                [!provide]                        PROVIDE (_fbss = .)
                0x0000000090008160                PROVIDE (__bss_start = .)

.tbss           0x0000000090008160        0x0
 *(.tbss .tbss.* .gnu.linkonce.tb.*)
 *(.tcommon)
                [!provide]                        PROVIDE (__tls_end = .)

.tbss_space     0x0000000090008160        0x0
                0x0000000090008160                . = (. + SIZEOF (.tbss))

.bss            0x0000000090008160      0x3e0
 *(.sbss*)
 .sbss.task_Hello_VeriSilicon
                0x0000000090008160        0x4 ./galaxy_sdk/tasks/src/task_Hello_VeriSilicon.o
 .sbss.uart_dev
                0x0000000090008164        0x4 ./galaxy_sdk/bsp/src/newlib.o
 .sbss.ucMaxSysCallPriority
                0x0000000090008168        0x1 D:\work\VescChallenge\Outgoing\assignment1\galaxy_sdk\bsp\lib\libbsp_riscv.a(port.c.o)
 .sbss.clk_count
                0x0000000090008169        0x1 D:\work\VescChallenge\Outgoing\assignment1\galaxy_sdk\drivers\lib\libdriver_riscv.a(clock.c.o)
 *fill*         0x000000009000816a        0x2 
 .sbss.clks     0x000000009000816c        0x4 D:\work\VescChallenge\Outgoing\assignment1\galaxy_sdk\drivers\lib\libdriver_riscv.a(clock.c.o)
 .sbss.os_scheduler_start
                0x0000000090008170        0x1 D:\work\VescChallenge\Outgoing\assignment1\galaxy_sdk\osal\lib\libosal_riscv.a(osal_task.c.o)
                0x0000000090008170                os_scheduler_start
 *fill*         0x0000000090008171        0x3 
 .sbss.pxCurrentTCB
                0x0000000090008174        0x4 D:\work\VescChallenge\Outgoing\assignment1\galaxy_sdk\os\lib\libos_riscv.a(tasks.c.o)
                0x0000000090008174                pxCurrentTCB
 .sbss.pxDelayedTaskList
                0x0000000090008178        0x4 D:\work\VescChallenge\Outgoing\assignment1\galaxy_sdk\os\lib\libos_riscv.a(tasks.c.o)
 .sbss.pxOverflowDelayedTaskList
                0x000000009000817c        0x4 D:\work\VescChallenge\Outgoing\assignment1\galaxy_sdk\os\lib\libos_riscv.a(tasks.c.o)
 .sbss.ulTaskSwitchedInTime
                0x0000000090008180        0x4 D:\work\VescChallenge\Outgoing\assignment1\galaxy_sdk\os\lib\libos_riscv.a(tasks.c.o)
 .sbss.ulTotalRunTime
                0x0000000090008184        0x4 D:\work\VescChallenge\Outgoing\assignment1\galaxy_sdk\os\lib\libos_riscv.a(tasks.c.o)
 .sbss.uxCurrentNumberOfTasks
                0x0000000090008188        0x4 D:\work\VescChallenge\Outgoing\assignment1\galaxy_sdk\os\lib\libos_riscv.a(tasks.c.o)
 .sbss.uxDeletedTasksWaitingCleanUp
                0x000000009000818c        0x4 D:\work\VescChallenge\Outgoing\assignment1\galaxy_sdk\os\lib\libos_riscv.a(tasks.c.o)
 .sbss.uxSchedulerSuspended
                0x0000000090008190        0x4 D:\work\VescChallenge\Outgoing\assignment1\galaxy_sdk\os\lib\libos_riscv.a(tasks.c.o)
 .sbss.uxTaskNumber
                0x0000000090008194        0x4 D:\work\VescChallenge\Outgoing\assignment1\galaxy_sdk\os\lib\libos_riscv.a(tasks.c.o)
 .sbss.uxTopReadyPriority
                0x0000000090008198        0x4 D:\work\VescChallenge\Outgoing\assignment1\galaxy_sdk\os\lib\libos_riscv.a(tasks.c.o)
 .sbss.xIdleTaskHandle
                0x000000009000819c        0x4 D:\work\VescChallenge\Outgoing\assignment1\galaxy_sdk\os\lib\libos_riscv.a(tasks.c.o)
 .sbss.xNextTaskUnblockTime
                0x00000000900081a0        0x4 D:\work\VescChallenge\Outgoing\assignment1\galaxy_sdk\os\lib\libos_riscv.a(tasks.c.o)
 .sbss.xNumOfOverflows
                0x00000000900081a4        0x4 D:\work\VescChallenge\Outgoing\assignment1\galaxy_sdk\os\lib\libos_riscv.a(tasks.c.o)
 .sbss.xPendedTicks
                0x00000000900081a8        0x4 D:\work\VescChallenge\Outgoing\assignment1\galaxy_sdk\os\lib\libos_riscv.a(tasks.c.o)
 .sbss.xSchedulerRunning
                0x00000000900081ac        0x4 D:\work\VescChallenge\Outgoing\assignment1\galaxy_sdk\os\lib\libos_riscv.a(tasks.c.o)
 .sbss.xTickCount
                0x00000000900081b0        0x4 D:\work\VescChallenge\Outgoing\assignment1\galaxy_sdk\os\lib\libos_riscv.a(tasks.c.o)
 .sbss.xYieldPending
                0x00000000900081b4        0x4 D:\work\VescChallenge\Outgoing\assignment1\galaxy_sdk\os\lib\libos_riscv.a(tasks.c.o)
 .sbss.pxCurrentTimerList
                0x00000000900081b8        0x4 D:\work\VescChallenge\Outgoing\assignment1\galaxy_sdk\os\lib\libos_riscv.a(timers.c.o)
 .sbss.pxOverflowTimerList
                0x00000000900081bc        0x4 D:\work\VescChallenge\Outgoing\assignment1\galaxy_sdk\os\lib\libos_riscv.a(timers.c.o)
 .sbss.xLastTime.2
                0x00000000900081c0        0x4 D:\work\VescChallenge\Outgoing\assignment1\galaxy_sdk\os\lib\libos_riscv.a(timers.c.o)
 .sbss.xTimerQueue
                0x00000000900081c4        0x4 D:\work\VescChallenge\Outgoing\assignment1\galaxy_sdk\os\lib\libos_riscv.a(timers.c.o)
 .sbss.xTimerTaskHandle
                0x00000000900081c8        0x4 D:\work\VescChallenge\Outgoing\assignment1\galaxy_sdk\os\lib\libos_riscv.a(timers.c.o)
 .sbss.pxEnd    0x00000000900081cc        0x4 D:\work\VescChallenge\Outgoing\assignment1\galaxy_sdk\os\lib\libos_riscv.a(heap_4.c.o)
 .sbss.xBlockAllocatedBit
                0x00000000900081d0        0x4 D:\work\VescChallenge\Outgoing\assignment1\galaxy_sdk\os\lib\libos_riscv.a(heap_4.c.o)
 .sbss.xFreeBytesRemaining
                0x00000000900081d4        0x4 D:\work\VescChallenge\Outgoing\assignment1\galaxy_sdk\os\lib\libos_riscv.a(heap_4.c.o)
 .sbss.xMinimumEverFreeBytesRemaining
                0x00000000900081d8        0x4 D:\work\VescChallenge\Outgoing\assignment1\galaxy_sdk\os\lib\libos_riscv.a(heap_4.c.o)
 .sbss.xNumberOfSuccessfulAllocations
                0x00000000900081dc        0x4 D:\work\VescChallenge\Outgoing\assignment1\galaxy_sdk\os\lib\libos_riscv.a(heap_4.c.o)
 .sbss.xNumberOfSuccessfulFrees
                0x00000000900081e0        0x4 D:\work\VescChallenge\Outgoing\assignment1\galaxy_sdk\os\lib\libos_riscv.a(heap_4.c.o)
 .sbss.xStart   0x00000000900081e4        0x8 D:\work\VescChallenge\Outgoing\assignment1\galaxy_sdk\os\lib\libos_riscv.a(heap_4.c.o)
 .sbss.__malloc_free_list
                0x00000000900081ec        0x4 d:/programe/nucleistudio/toolchain/gcc/bin/../lib/gcc/riscv-nuclei-elf/10.2.0/../../../../riscv-nuclei-elf/lib/rv32imafc/ilp32f\libg_nano.a(lib_a-nano-mallocr.o)
                0x00000000900081ec                __malloc_free_list
 .sbss.__malloc_sbrk_start
                0x00000000900081f0        0x4 d:/programe/nucleistudio/toolchain/gcc/bin/../lib/gcc/riscv-nuclei-elf/10.2.0/../../../../riscv-nuclei-elf/lib/rv32imafc/ilp32f\libg_nano.a(lib_a-nano-mallocr.o)
                0x00000000900081f0                __malloc_sbrk_start
 .sbss._global_atexit
                0x00000000900081f4        0x4 d:/programe/nucleistudio/toolchain/gcc/bin/../lib/gcc/riscv-nuclei-elf/10.2.0/../../../../riscv-nuclei-elf/lib/rv32imafc/ilp32f\libg_nano.a(lib_a-__call_atexit.o)
                0x00000000900081f4                _global_atexit
 .sbss.errno    0x00000000900081f8        0x4 d:/programe/nucleistudio/toolchain/gcc/bin/../lib/gcc/riscv-nuclei-elf/10.2.0/../../../../riscv-nuclei-elf/lib/rv32imafc/ilp32f\libg_nano.a(lib_a-reent.o)
                0x00000000900081f8                errno
 .sbss.heap_end.0
                0x00000000900081fc        0x4 d:/programe/nucleistudio/toolchain/gcc/bin/../lib/gcc/riscv-nuclei-elf/10.2.0/../../../../riscv-nuclei-elf/lib/rv32imafc/ilp32f\libnosys.a(sbrk.o)
 *(.gnu.linkonce.sb.*)
 *(.bss .bss.*)
 .bss.hal_dev   0x0000000090008200       0x10 ./galaxy_sdk/drivers/src/hal_uart.o
 .bss.system_exception_handlers
                0x0000000090008210       0x34 D:\work\VescChallenge\Outgoing\assignment1\galaxy_sdk\bsp\lib\libbsp_riscv.a(system_pegasus.c.o)
 .bss.pxReadyTasksLists
                0x0000000090008244       0xa0 D:\work\VescChallenge\Outgoing\assignment1\galaxy_sdk\os\lib\libos_riscv.a(tasks.c.o)
 .bss.xDelayedTaskList1
                0x00000000900082e4       0x14 D:\work\VescChallenge\Outgoing\assignment1\galaxy_sdk\os\lib\libos_riscv.a(tasks.c.o)
 .bss.xDelayedTaskList2
                0x00000000900082f8       0x14 D:\work\VescChallenge\Outgoing\assignment1\galaxy_sdk\os\lib\libos_riscv.a(tasks.c.o)
 .bss.xPendingReadyList
                0x000000009000830c       0x14 D:\work\VescChallenge\Outgoing\assignment1\galaxy_sdk\os\lib\libos_riscv.a(tasks.c.o)
 .bss.xSuspendedTaskList
                0x0000000090008320       0x14 D:\work\VescChallenge\Outgoing\assignment1\galaxy_sdk\os\lib\libos_riscv.a(tasks.c.o)
 .bss.xTasksWaitingTermination
                0x0000000090008334       0x14 D:\work\VescChallenge\Outgoing\assignment1\galaxy_sdk\os\lib\libos_riscv.a(tasks.c.o)
 .bss.ucStaticTimerQueueStorage.1
                0x0000000090008348       0xf0 D:\work\VescChallenge\Outgoing\assignment1\galaxy_sdk\os\lib\libos_riscv.a(timers.c.o)
 .bss.xActiveTimerList1
                0x0000000090008438       0x14 D:\work\VescChallenge\Outgoing\assignment1\galaxy_sdk\os\lib\libos_riscv.a(timers.c.o)
 .bss.xActiveTimerList2
                0x000000009000844c       0x14 D:\work\VescChallenge\Outgoing\assignment1\galaxy_sdk\os\lib\libos_riscv.a(timers.c.o)
 .bss.xStaticTimerQueue.0
                0x0000000090008460       0x54 D:\work\VescChallenge\Outgoing\assignment1\galaxy_sdk\os\lib\libos_riscv.a(timers.c.o)
 .bss._global_atexit0
                0x00000000900084b4       0x8c d:/programe/nucleistudio/toolchain/gcc/bin/../lib/gcc/riscv-nuclei-elf/10.2.0/../../../../riscv-nuclei-elf/lib/rv32imafc/ilp32f\libg_nano.a(lib_a-__atexit.o)
 *(.gnu.linkonce.b.*)
 *(COMMON)
                0x0000000090008540                . = ALIGN (0x4)
                0x0000000090008540                PROVIDE (_end = .)
                0x0000000090008540                PROVIDE (end = .)

.heap           0x0000000090008540     0x5000
                0x0000000090008540                . = ALIGN (0x10)
                [!provide]                        PROVIDE (__heap_start = .)
                0x000000009000d540                . = (. + __HEAP_SIZE)
 *fill*         0x0000000090008540     0x5000 
                0x000000009000d540                . = ALIGN (0x10)
                [!provide]                        PROVIDE (__heap_limit = .)

.stack          0x000000009000f800      0x800 load address 0x000000009000d540
                0x000000009000f800                . = ALIGN (0x10)
                [!provide]                        PROVIDE (_heap_end = .)
                [!provide]                        PROVIDE (__heap_end = .)
                [!provide]                        PROVIDE (__StackLimit = .)
                [!provide]                        PROVIDE (__StackBottom = .)
                0x0000000090010000                . = (. + __TOT_STACK_SIZE)
 *fill*         0x000000009000f800      0x800 
                0x0000000090010000                . = ALIGN (0x10)
                [!provide]                        PROVIDE (__StackTop = .)
                0x0000000090010000                PROVIDE (_sp = .)
OUTPUT(qemu.out elf32-littleriscv)

.debug_info     0x0000000000000000    0x15638
 .debug_info    0x0000000000000000      0x14d ./galaxy_sdk/tasks/src/task_Hello_VeriSilicon.o
 .debug_info    0x000000000000014d      0xfa9 ./galaxy_sdk/drivers/src/hal_uart.o
 .debug_info    0x00000000000010f6      0xc63 ./galaxy_sdk/bsp/src/newlib.o
 .debug_info    0x0000000000001d59       0x22 ./galaxy_sdk/bsp/src/portasm.o
 .debug_info    0x0000000000001d7b       0x26 ./galaxy_sdk/bsp/src/startup_riscv.o
 .debug_info    0x0000000000001da1      0x210 ./galaxy_sdk/main.o
 .debug_info    0x0000000000001fb1     0x26b1 D:\work\VescChallenge\Outgoing\assignment1\galaxy_sdk\bsp\lib\libbsp_riscv.a(port.c.o)
 .debug_info    0x0000000000004662      0x107 D:\work\VescChallenge\Outgoing\assignment1\galaxy_sdk\bsp\lib\libbsp_riscv.a(soc_init.c.o)
 .debug_info    0x0000000000004769     0x1eef D:\work\VescChallenge\Outgoing\assignment1\galaxy_sdk\bsp\lib\libbsp_riscv.a(soc_sysctl.c.o)
 .debug_info    0x0000000000006658      0x565 D:\work\VescChallenge\Outgoing\assignment1\galaxy_sdk\bsp\lib\libbsp_riscv.a(system_pegasus.c.o)
 .debug_info    0x0000000000006bbd      0xd78 D:\work\VescChallenge\Outgoing\assignment1\galaxy_sdk\drivers\lib\libdriver_riscv.a(clock.c.o)
 .debug_info    0x0000000000007935      0x37f D:\work\VescChallenge\Outgoing\assignment1\galaxy_sdk\drivers\lib\libdriver_riscv.a(e203_uart.c.o)
 .debug_info    0x0000000000007cb4       0xb5 D:\work\VescChallenge\Outgoing\assignment1\galaxy_sdk\modules\lib\libcommon_riscv.a(vs_logging.c.o)
 .debug_info    0x0000000000007d69     0x137a D:\work\VescChallenge\Outgoing\assignment1\galaxy_sdk\modules\lib\libcommon_riscv.a(uart_printf.c.o)
 .debug_info    0x00000000000090e3      0x35d D:\work\VescChallenge\Outgoing\assignment1\galaxy_sdk\modules\lib\libcommon_riscv.a(vpi_error.c.o)
 .debug_info    0x0000000000009440      0x399 D:\work\VescChallenge\Outgoing\assignment1\galaxy_sdk\osal\lib\libosal_riscv.a(osal_task.c.o)
 .debug_info    0x00000000000097d9     0x4ae3 D:\work\VescChallenge\Outgoing\assignment1\galaxy_sdk\os\lib\libos_riscv.a(tasks.c.o)
 .debug_info    0x000000000000e2bc      0x2c8 D:\work\VescChallenge\Outgoing\assignment1\galaxy_sdk\os\lib\libos_riscv.a(list.c.o)
 .debug_info    0x000000000000e584     0x205b D:\work\VescChallenge\Outgoing\assignment1\galaxy_sdk\os\lib\libos_riscv.a(timers.c.o)
 .debug_info    0x00000000000105df      0x6dd D:\work\VescChallenge\Outgoing\assignment1\galaxy_sdk\os\lib\libos_riscv.a(heap_4.c.o)
 .debug_info    0x0000000000010cbc     0x38bd D:\work\VescChallenge\Outgoing\assignment1\galaxy_sdk\os\lib\libos_riscv.a(queue.c.o)
 .debug_info    0x0000000000014579      0x7c0 d:/programe/nucleistudio/toolchain/gcc/bin/../lib/gcc/riscv-nuclei-elf/10.2.0/rv32imafc/ilp32f\libgcc.a(_udivdi3.o)
 .debug_info    0x0000000000014d39      0x81a d:/programe/nucleistudio/toolchain/gcc/bin/../lib/gcc/riscv-nuclei-elf/10.2.0/rv32imafc/ilp32f\libgcc.a(_umoddi3.o)
 .debug_info    0x0000000000015553       0xe5 d:/programe/nucleistudio/toolchain/gcc/bin/../lib/gcc/riscv-nuclei-elf/10.2.0/rv32imafc/ilp32f\libgcc.a(_clz.o)

.debug_abbrev   0x0000000000000000     0x3644
 .debug_abbrev  0x0000000000000000       0xce ./galaxy_sdk/tasks/src/task_Hello_VeriSilicon.o
 .debug_abbrev  0x00000000000000ce      0x2bb ./galaxy_sdk/drivers/src/hal_uart.o
 .debug_abbrev  0x0000000000000389      0x2c0 ./galaxy_sdk/bsp/src/newlib.o
 .debug_abbrev  0x0000000000000649       0x12 ./galaxy_sdk/bsp/src/portasm.o
 .debug_abbrev  0x000000000000065b       0x14 ./galaxy_sdk/bsp/src/startup_riscv.o
 .debug_abbrev  0x000000000000066f       0xd0 ./galaxy_sdk/main.o
 .debug_abbrev  0x000000000000073f      0x53c D:\work\VescChallenge\Outgoing\assignment1\galaxy_sdk\bsp\lib\libbsp_riscv.a(port.c.o)
 .debug_abbrev  0x0000000000000c7b       0x6d D:\work\VescChallenge\Outgoing\assignment1\galaxy_sdk\bsp\lib\libbsp_riscv.a(soc_init.c.o)
 .debug_abbrev  0x0000000000000ce8      0x558 D:\work\VescChallenge\Outgoing\assignment1\galaxy_sdk\bsp\lib\libbsp_riscv.a(soc_sysctl.c.o)
 .debug_abbrev  0x0000000000001240      0x336 D:\work\VescChallenge\Outgoing\assignment1\galaxy_sdk\bsp\lib\libbsp_riscv.a(system_pegasus.c.o)
 .debug_abbrev  0x0000000000001576      0x322 D:\work\VescChallenge\Outgoing\assignment1\galaxy_sdk\drivers\lib\libdriver_riscv.a(clock.c.o)
 .debug_abbrev  0x0000000000001898      0x116 D:\work\VescChallenge\Outgoing\assignment1\galaxy_sdk\drivers\lib\libdriver_riscv.a(e203_uart.c.o)
 .debug_abbrev  0x00000000000019ae       0x77 D:\work\VescChallenge\Outgoing\assignment1\galaxy_sdk\modules\lib\libcommon_riscv.a(vs_logging.c.o)
 .debug_abbrev  0x0000000000001a25      0x3df D:\work\VescChallenge\Outgoing\assignment1\galaxy_sdk\modules\lib\libcommon_riscv.a(uart_printf.c.o)
 .debug_abbrev  0x0000000000001e04       0xeb D:\work\VescChallenge\Outgoing\assignment1\galaxy_sdk\modules\lib\libcommon_riscv.a(vpi_error.c.o)
 .debug_abbrev  0x0000000000001eef      0x188 D:\work\VescChallenge\Outgoing\assignment1\galaxy_sdk\osal\lib\libosal_riscv.a(osal_task.c.o)
 .debug_abbrev  0x0000000000002077      0x56a D:\work\VescChallenge\Outgoing\assignment1\galaxy_sdk\os\lib\libos_riscv.a(tasks.c.o)
 .debug_abbrev  0x00000000000025e1      0x111 D:\work\VescChallenge\Outgoing\assignment1\galaxy_sdk\os\lib\libos_riscv.a(list.c.o)
 .debug_abbrev  0x00000000000026f2      0x406 D:\work\VescChallenge\Outgoing\assignment1\galaxy_sdk\os\lib\libos_riscv.a(timers.c.o)
 .debug_abbrev  0x0000000000002af8      0x2e3 D:\work\VescChallenge\Outgoing\assignment1\galaxy_sdk\os\lib\libos_riscv.a(heap_4.c.o)
 .debug_abbrev  0x0000000000002ddb      0x4a3 D:\work\VescChallenge\Outgoing\assignment1\galaxy_sdk\os\lib\libos_riscv.a(queue.c.o)
 .debug_abbrev  0x000000000000327e      0x19d d:/programe/nucleistudio/toolchain/gcc/bin/../lib/gcc/riscv-nuclei-elf/10.2.0/rv32imafc/ilp32f\libgcc.a(_udivdi3.o)
 .debug_abbrev  0x000000000000341b      0x1b9 d:/programe/nucleistudio/toolchain/gcc/bin/../lib/gcc/riscv-nuclei-elf/10.2.0/rv32imafc/ilp32f\libgcc.a(_umoddi3.o)
 .debug_abbrev  0x00000000000035d4       0x70 d:/programe/nucleistudio/toolchain/gcc/bin/../lib/gcc/riscv-nuclei-elf/10.2.0/rv32imafc/ilp32f\libgcc.a(_clz.o)

.debug_loc      0x0000000000000000     0xeec9
 .debug_loc     0x0000000000000000       0x42 ./galaxy_sdk/tasks/src/task_Hello_VeriSilicon.o
 .debug_loc     0x0000000000000042      0x70c ./galaxy_sdk/drivers/src/hal_uart.o
 .debug_loc     0x000000000000074e      0x21b ./galaxy_sdk/bsp/src/newlib.o
 .debug_loc     0x0000000000000969       0x34 ./galaxy_sdk/main.o
 .debug_loc     0x000000000000099d     0x15d2 D:\work\VescChallenge\Outgoing\assignment1\galaxy_sdk\bsp\lib\libbsp_riscv.a(port.c.o)
 .debug_loc     0x0000000000001f6f      0x800 D:\work\VescChallenge\Outgoing\assignment1\galaxy_sdk\bsp\lib\libbsp_riscv.a(soc_sysctl.c.o)
 .debug_loc     0x000000000000276f      0x25c D:\work\VescChallenge\Outgoing\assignment1\galaxy_sdk\bsp\lib\libbsp_riscv.a(system_pegasus.c.o)
 .debug_loc     0x00000000000029cb      0x913 D:\work\VescChallenge\Outgoing\assignment1\galaxy_sdk\drivers\lib\libdriver_riscv.a(clock.c.o)
 .debug_loc     0x00000000000032de      0x37b D:\work\VescChallenge\Outgoing\assignment1\galaxy_sdk\drivers\lib\libdriver_riscv.a(e203_uart.c.o)
 .debug_loc     0x0000000000003659     0x19e2 D:\work\VescChallenge\Outgoing\assignment1\galaxy_sdk\modules\lib\libcommon_riscv.a(uart_printf.c.o)
 .debug_loc     0x000000000000503b      0x1ef D:\work\VescChallenge\Outgoing\assignment1\galaxy_sdk\modules\lib\libcommon_riscv.a(vpi_error.c.o)
 .debug_loc     0x000000000000522a      0x157 D:\work\VescChallenge\Outgoing\assignment1\galaxy_sdk\osal\lib\libosal_riscv.a(osal_task.c.o)
 .debug_loc     0x0000000000005381     0x39c7 D:\work\VescChallenge\Outgoing\assignment1\galaxy_sdk\os\lib\libos_riscv.a(tasks.c.o)
 .debug_loc     0x0000000000008d48       0x82 D:\work\VescChallenge\Outgoing\assignment1\galaxy_sdk\os\lib\libos_riscv.a(list.c.o)
 .debug_loc     0x0000000000008dca     0x16d1 D:\work\VescChallenge\Outgoing\assignment1\galaxy_sdk\os\lib\libos_riscv.a(timers.c.o)
 .debug_loc     0x000000000000a49b      0x40b D:\work\VescChallenge\Outgoing\assignment1\galaxy_sdk\os\lib\libos_riscv.a(heap_4.c.o)
 .debug_loc     0x000000000000a8a6     0x30be D:\work\VescChallenge\Outgoing\assignment1\galaxy_sdk\os\lib\libos_riscv.a(queue.c.o)
 .debug_loc     0x000000000000d964      0xbdd d:/programe/nucleistudio/toolchain/gcc/bin/../lib/gcc/riscv-nuclei-elf/10.2.0/rv32imafc/ilp32f\libgcc.a(_udivdi3.o)
 .debug_loc     0x000000000000e541      0x988 d:/programe/nucleistudio/toolchain/gcc/bin/../lib/gcc/riscv-nuclei-elf/10.2.0/rv32imafc/ilp32f\libgcc.a(_umoddi3.o)

.debug_aranges  0x0000000000000000      0xa28
 .debug_aranges
                0x0000000000000000       0x28 ./galaxy_sdk/tasks/src/task_Hello_VeriSilicon.o
 .debug_aranges
                0x0000000000000028       0x80 ./galaxy_sdk/drivers/src/hal_uart.o
 .debug_aranges
                0x00000000000000a8       0x68 ./galaxy_sdk/bsp/src/newlib.o
 .debug_aranges
                0x0000000000000110       0x28 ./galaxy_sdk/bsp/src/portasm.o
 .debug_aranges
                0x0000000000000138       0x20 ./galaxy_sdk/bsp/src/startup_riscv.o
 .debug_aranges
                0x0000000000000158       0x20 ./galaxy_sdk/main.o
 .debug_aranges
                0x0000000000000178       0xa8 D:\work\VescChallenge\Outgoing\assignment1\galaxy_sdk\bsp\lib\libbsp_riscv.a(port.c.o)
 .debug_aranges
                0x0000000000000220       0x20 D:\work\VescChallenge\Outgoing\assignment1\galaxy_sdk\bsp\lib\libbsp_riscv.a(soc_init.c.o)
 .debug_aranges
                0x0000000000000240       0xe0 D:\work\VescChallenge\Outgoing\assignment1\galaxy_sdk\bsp\lib\libbsp_riscv.a(soc_sysctl.c.o)
 .debug_aranges
                0x0000000000000320       0x48 D:\work\VescChallenge\Outgoing\assignment1\galaxy_sdk\bsp\lib\libbsp_riscv.a(system_pegasus.c.o)
 .debug_aranges
                0x0000000000000368       0x70 D:\work\VescChallenge\Outgoing\assignment1\galaxy_sdk\drivers\lib\libdriver_riscv.a(clock.c.o)
 .debug_aranges
                0x00000000000003d8       0x68 D:\work\VescChallenge\Outgoing\assignment1\galaxy_sdk\drivers\lib\libdriver_riscv.a(e203_uart.c.o)
 .debug_aranges
                0x0000000000000440       0x20 D:\work\VescChallenge\Outgoing\assignment1\galaxy_sdk\modules\lib\libcommon_riscv.a(vs_logging.c.o)
 .debug_aranges
                0x0000000000000460       0x50 D:\work\VescChallenge\Outgoing\assignment1\galaxy_sdk\modules\lib\libcommon_riscv.a(uart_printf.c.o)
 .debug_aranges
                0x00000000000004b0       0x30 D:\work\VescChallenge\Outgoing\assignment1\galaxy_sdk\modules\lib\libcommon_riscv.a(vpi_error.c.o)
 .debug_aranges
                0x00000000000004e0       0x58 D:\work\VescChallenge\Outgoing\assignment1\galaxy_sdk\osal\lib\libosal_riscv.a(osal_task.c.o)
 .debug_aranges
                0x0000000000000538      0x230 D:\work\VescChallenge\Outgoing\assignment1\galaxy_sdk\os\lib\libos_riscv.a(tasks.c.o)
 .debug_aranges
                0x0000000000000768       0x40 D:\work\VescChallenge\Outgoing\assignment1\galaxy_sdk\os\lib\libos_riscv.a(list.c.o)
 .debug_aranges
                0x00000000000007a8       0xb8 D:\work\VescChallenge\Outgoing\assignment1\galaxy_sdk\os\lib\libos_riscv.a(timers.c.o)
 .debug_aranges
                0x0000000000000860       0x50 D:\work\VescChallenge\Outgoing\assignment1\galaxy_sdk\os\lib\libos_riscv.a(heap_4.c.o)
 .debug_aranges
                0x00000000000008b0      0x120 D:\work\VescChallenge\Outgoing\assignment1\galaxy_sdk\os\lib\libos_riscv.a(queue.c.o)
 .debug_aranges
                0x00000000000009d0       0x20 d:/programe/nucleistudio/toolchain/gcc/bin/../lib/gcc/riscv-nuclei-elf/10.2.0/rv32imafc/ilp32f\libgcc.a(_udivdi3.o)
 .debug_aranges
                0x00000000000009f0       0x20 d:/programe/nucleistudio/toolchain/gcc/bin/../lib/gcc/riscv-nuclei-elf/10.2.0/rv32imafc/ilp32f\libgcc.a(_umoddi3.o)
 .debug_aranges
                0x0000000000000a10       0x18 d:/programe/nucleistudio/toolchain/gcc/bin/../lib/gcc/riscv-nuclei-elf/10.2.0/rv32imafc/ilp32f\libgcc.a(_clz.o)

.debug_ranges   0x0000000000000000     0x2968
 .debug_ranges  0x0000000000000000       0x18 ./galaxy_sdk/tasks/src/task_Hello_VeriSilicon.o
 .debug_ranges  0x0000000000000018       0x70 ./galaxy_sdk/drivers/src/hal_uart.o
 .debug_ranges  0x0000000000000088       0x78 ./galaxy_sdk/bsp/src/newlib.o
 .debug_ranges  0x0000000000000100       0x20 ./galaxy_sdk/bsp/src/portasm.o
 .debug_ranges  0x0000000000000120       0x10 ./galaxy_sdk/main.o
 .debug_ranges  0x0000000000000130      0x798 D:\work\VescChallenge\Outgoing\assignment1\galaxy_sdk\bsp\lib\libbsp_riscv.a(port.c.o)
 .debug_ranges  0x00000000000008c8       0x10 D:\work\VescChallenge\Outgoing\assignment1\galaxy_sdk\bsp\lib\libbsp_riscv.a(soc_init.c.o)
 .debug_ranges  0x00000000000008d8      0x2a8 D:\work\VescChallenge\Outgoing\assignment1\galaxy_sdk\bsp\lib\libbsp_riscv.a(soc_sysctl.c.o)
 .debug_ranges  0x0000000000000b80       0x80 D:\work\VescChallenge\Outgoing\assignment1\galaxy_sdk\bsp\lib\libbsp_riscv.a(system_pegasus.c.o)
 .debug_ranges  0x0000000000000c00      0x210 D:\work\VescChallenge\Outgoing\assignment1\galaxy_sdk\drivers\lib\libdriver_riscv.a(clock.c.o)
 .debug_ranges  0x0000000000000e10       0x58 D:\work\VescChallenge\Outgoing\assignment1\galaxy_sdk\drivers\lib\libdriver_riscv.a(e203_uart.c.o)
 .debug_ranges  0x0000000000000e68       0x10 D:\work\VescChallenge\Outgoing\assignment1\galaxy_sdk\modules\lib\libcommon_riscv.a(vs_logging.c.o)
 .debug_ranges  0x0000000000000e78      0x218 D:\work\VescChallenge\Outgoing\assignment1\galaxy_sdk\modules\lib\libcommon_riscv.a(uart_printf.c.o)
 .debug_ranges  0x0000000000001090       0x20 D:\work\VescChallenge\Outgoing\assignment1\galaxy_sdk\modules\lib\libcommon_riscv.a(vpi_error.c.o)
 .debug_ranges  0x00000000000010b0       0x48 D:\work\VescChallenge\Outgoing\assignment1\galaxy_sdk\osal\lib\libosal_riscv.a(osal_task.c.o)
 .debug_ranges  0x00000000000010f8      0xac8 D:\work\VescChallenge\Outgoing\assignment1\galaxy_sdk\os\lib\libos_riscv.a(tasks.c.o)
 .debug_ranges  0x0000000000001bc0       0x30 D:\work\VescChallenge\Outgoing\assignment1\galaxy_sdk\os\lib\libos_riscv.a(list.c.o)
 .debug_ranges  0x0000000000001bf0      0x2e8 D:\work\VescChallenge\Outgoing\assignment1\galaxy_sdk\os\lib\libos_riscv.a(timers.c.o)
 .debug_ranges  0x0000000000001ed8       0x40 D:\work\VescChallenge\Outgoing\assignment1\galaxy_sdk\os\lib\libos_riscv.a(heap_4.c.o)
 .debug_ranges  0x0000000000001f18      0x860 D:\work\VescChallenge\Outgoing\assignment1\galaxy_sdk\os\lib\libos_riscv.a(queue.c.o)
 .debug_ranges  0x0000000000002778      0x108 d:/programe/nucleistudio/toolchain/gcc/bin/../lib/gcc/riscv-nuclei-elf/10.2.0/rv32imafc/ilp32f\libgcc.a(_udivdi3.o)
 .debug_ranges  0x0000000000002880       0xe8 d:/programe/nucleistudio/toolchain/gcc/bin/../lib/gcc/riscv-nuclei-elf/10.2.0/rv32imafc/ilp32f\libgcc.a(_umoddi3.o)

.debug_line     0x0000000000000000    0x1b2e8
 .debug_line    0x0000000000000000      0x1da ./galaxy_sdk/tasks/src/task_Hello_VeriSilicon.o
 .debug_line    0x00000000000001da      0x9e0 ./galaxy_sdk/drivers/src/hal_uart.o
 .debug_line    0x0000000000000bba      0x4e9 ./galaxy_sdk/bsp/src/newlib.o
 .debug_line    0x00000000000010a3      0x372 ./galaxy_sdk/bsp/src/portasm.o
 .debug_line    0x0000000000001415      0x1f9 ./galaxy_sdk/bsp/src/startup_riscv.o
 .debug_line    0x000000000000160e      0x28b ./galaxy_sdk/main.o
 .debug_line    0x0000000000001899     0x243f D:\work\VescChallenge\Outgoing\assignment1\galaxy_sdk\bsp\lib\libbsp_riscv.a(port.c.o)
 .debug_line    0x0000000000003cd8      0x11f D:\work\VescChallenge\Outgoing\assignment1\galaxy_sdk\bsp\lib\libbsp_riscv.a(soc_init.c.o)
 .debug_line    0x0000000000003df7     0x1b15 D:\work\VescChallenge\Outgoing\assignment1\galaxy_sdk\bsp\lib\libbsp_riscv.a(soc_sysctl.c.o)
 .debug_line    0x000000000000590c      0x5eb D:\work\VescChallenge\Outgoing\assignment1\galaxy_sdk\bsp\lib\libbsp_riscv.a(system_pegasus.c.o)
 .debug_line    0x0000000000005ef7     0x105b D:\work\VescChallenge\Outgoing\assignment1\galaxy_sdk\drivers\lib\libdriver_riscv.a(clock.c.o)
 .debug_line    0x0000000000006f52      0x681 D:\work\VescChallenge\Outgoing\assignment1\galaxy_sdk\drivers\lib\libdriver_riscv.a(e203_uart.c.o)
 .debug_line    0x00000000000075d3       0xc3 D:\work\VescChallenge\Outgoing\assignment1\galaxy_sdk\modules\lib\libcommon_riscv.a(vs_logging.c.o)
 .debug_line    0x0000000000007696     0x172d D:\work\VescChallenge\Outgoing\assignment1\galaxy_sdk\modules\lib\libcommon_riscv.a(uart_printf.c.o)
 .debug_line    0x0000000000008dc3      0x37e D:\work\VescChallenge\Outgoing\assignment1\galaxy_sdk\modules\lib\libcommon_riscv.a(vpi_error.c.o)
 .debug_line    0x0000000000009141      0x49a D:\work\VescChallenge\Outgoing\assignment1\galaxy_sdk\osal\lib\libosal_riscv.a(osal_task.c.o)
 .debug_line    0x00000000000095db     0x806a D:\work\VescChallenge\Outgoing\assignment1\galaxy_sdk\os\lib\libos_riscv.a(tasks.c.o)
 .debug_line    0x0000000000011645      0x61a D:\work\VescChallenge\Outgoing\assignment1\galaxy_sdk\os\lib\libos_riscv.a(list.c.o)
 .debug_line    0x0000000000011c5f     0x2137 D:\work\VescChallenge\Outgoing\assignment1\galaxy_sdk\os\lib\libos_riscv.a(timers.c.o)
 .debug_line    0x0000000000013d96      0xe7d D:\work\VescChallenge\Outgoing\assignment1\galaxy_sdk\os\lib\libos_riscv.a(heap_4.c.o)
 .debug_line    0x0000000000014c13     0x56d2 D:\work\VescChallenge\Outgoing\assignment1\galaxy_sdk\os\lib\libos_riscv.a(queue.c.o)
 .debug_line    0x000000000001a2e5      0x769 d:/programe/nucleistudio/toolchain/gcc/bin/../lib/gcc/riscv-nuclei-elf/10.2.0/rv32imafc/ilp32f\libgcc.a(_udivdi3.o)
 .debug_line    0x000000000001aa4e      0x827 d:/programe/nucleistudio/toolchain/gcc/bin/../lib/gcc/riscv-nuclei-elf/10.2.0/rv32imafc/ilp32f\libgcc.a(_umoddi3.o)
 .debug_line    0x000000000001b275       0x73 d:/programe/nucleistudio/toolchain/gcc/bin/../lib/gcc/riscv-nuclei-elf/10.2.0/rv32imafc/ilp32f\libgcc.a(_clz.o)

.debug_str      0x0000000000000000     0x53d1
 .debug_str     0x0000000000000000      0x221 ./galaxy_sdk/tasks/src/task_Hello_VeriSilicon.o
                                        0x266 (size before relaxing)
 .debug_str     0x0000000000000221      0x77d ./galaxy_sdk/drivers/src/hal_uart.o
                                        0x993 (size before relaxing)
 .debug_str     0x000000000000099e      0x178 ./galaxy_sdk/bsp/src/newlib.o
                                        0x83e (size before relaxing)
 .debug_str     0x0000000000000b16       0x56 ./galaxy_sdk/bsp/src/portasm.o
                                         0x8e (size before relaxing)
 .debug_str     0x0000000000000b6c       0x4e ./galaxy_sdk/bsp/src/startup_riscv.o
                                         0x94 (size before relaxing)
 .debug_str     0x0000000000000bba      0x1af ./galaxy_sdk/main.o
                                        0x361 (size before relaxing)
 .debug_str     0x0000000000000d69      0x973 D:\work\VescChallenge\Outgoing\assignment1\galaxy_sdk\bsp\lib\libbsp_riscv.a(port.c.o)
                                        0xa9d (size before relaxing)
 .debug_str     0x00000000000016dc       0x72 D:\work\VescChallenge\Outgoing\assignment1\galaxy_sdk\bsp\lib\libbsp_riscv.a(soc_init.c.o)
                                        0x37c (size before relaxing)
 .debug_str     0x000000000000174e      0xd76 D:\work\VescChallenge\Outgoing\assignment1\galaxy_sdk\bsp\lib\libbsp_riscv.a(soc_sysctl.c.o)
                                       0x1227 (size before relaxing)
 .debug_str     0x00000000000024c4      0x247 D:\work\VescChallenge\Outgoing\assignment1\galaxy_sdk\bsp\lib\libbsp_riscv.a(system_pegasus.c.o)
                                        0x4d8 (size before relaxing)
 .debug_str     0x000000000000270b      0x216 D:\work\VescChallenge\Outgoing\assignment1\galaxy_sdk\drivers\lib\libdriver_riscv.a(clock.c.o)
                                        0x938 (size before relaxing)
 .debug_str     0x0000000000002921      0x15b D:\work\VescChallenge\Outgoing\assignment1\galaxy_sdk\drivers\lib\libdriver_riscv.a(e203_uart.c.o)
                                        0x39a (size before relaxing)
 .debug_str     0x0000000000002a7c      0x110 D:\work\VescChallenge\Outgoing\assignment1\galaxy_sdk\modules\lib\libcommon_riscv.a(vs_logging.c.o)
                                        0x256 (size before relaxing)
 .debug_str     0x0000000000002b8c      0x125 D:\work\VescChallenge\Outgoing\assignment1\galaxy_sdk\modules\lib\libcommon_riscv.a(uart_printf.c.o)
                                        0x889 (size before relaxing)
 .debug_str     0x0000000000002cb1       0x9c D:\work\VescChallenge\Outgoing\assignment1\galaxy_sdk\modules\lib\libcommon_riscv.a(vpi_error.c.o)
                                        0x504 (size before relaxing)
 .debug_str     0x0000000000002d4d      0x1bc D:\work\VescChallenge\Outgoing\assignment1\galaxy_sdk\osal\lib\libosal_riscv.a(osal_task.c.o)
                                        0x3f2 (size before relaxing)
 .debug_str     0x0000000000002f09     0x107e D:\work\VescChallenge\Outgoing\assignment1\galaxy_sdk\os\lib\libos_riscv.a(tasks.c.o)
                                       0x16d3 (size before relaxing)
 .debug_str     0x0000000000003f87       0xa6 D:\work\VescChallenge\Outgoing\assignment1\galaxy_sdk\os\lib\libos_riscv.a(list.c.o)
                                        0x375 (size before relaxing)
 .debug_str     0x000000000000402d      0x729 D:\work\VescChallenge\Outgoing\assignment1\galaxy_sdk\os\lib\libos_riscv.a(timers.c.o)
                                        0xda8 (size before relaxing)
 .debug_str     0x0000000000004756      0x2ee D:\work\VescChallenge\Outgoing\assignment1\galaxy_sdk\os\lib\libos_riscv.a(heap_4.c.o)
                                        0x5e7 (size before relaxing)
 .debug_str     0x0000000000004a44      0x616 D:\work\VescChallenge\Outgoing\assignment1\galaxy_sdk\os\lib\libos_riscv.a(queue.c.o)
                                        0xe49 (size before relaxing)
 .debug_str     0x000000000000505a      0x29d d:/programe/nucleistudio/toolchain/gcc/bin/../lib/gcc/riscv-nuclei-elf/10.2.0/rv32imafc/ilp32f\libgcc.a(_udivdi3.o)
                                        0x365 (size before relaxing)
 .debug_str     0x00000000000052f7      0x365 d:/programe/nucleistudio/toolchain/gcc/bin/../lib/gcc/riscv-nuclei-elf/10.2.0/rv32imafc/ilp32f\libgcc.a(_umoddi3.o)
 .debug_str     0x00000000000052f7       0xda d:/programe/nucleistudio/toolchain/gcc/bin/../lib/gcc/riscv-nuclei-elf/10.2.0/rv32imafc/ilp32f\libgcc.a(_clz.o)
                                        0x2ac (size before relaxing)

.comment        0x0000000000000000       0x12
 .comment       0x0000000000000000       0x12 ./galaxy_sdk/tasks/src/task_Hello_VeriSilicon.o
                                         0x13 (size before relaxing)
 .comment       0x0000000000000012       0x13 ./galaxy_sdk/drivers/src/hal_uart.o
 .comment       0x0000000000000012       0x13 ./galaxy_sdk/bsp/src/newlib.o
 .comment       0x0000000000000012       0x13 ./galaxy_sdk/main.o
 .comment       0x0000000000000012       0x13 D:\work\VescChallenge\Outgoing\assignment1\galaxy_sdk\bsp\lib\libbsp_riscv.a(port.c.o)
 .comment       0x0000000000000012       0x13 D:\work\VescChallenge\Outgoing\assignment1\galaxy_sdk\bsp\lib\libbsp_riscv.a(soc_init.c.o)
 .comment       0x0000000000000012       0x13 D:\work\VescChallenge\Outgoing\assignment1\galaxy_sdk\bsp\lib\libbsp_riscv.a(soc_sysctl.c.o)
 .comment       0x0000000000000012       0x13 D:\work\VescChallenge\Outgoing\assignment1\galaxy_sdk\bsp\lib\libbsp_riscv.a(system_pegasus.c.o)
 .comment       0x0000000000000012       0x13 D:\work\VescChallenge\Outgoing\assignment1\galaxy_sdk\drivers\lib\libdriver_riscv.a(clock.c.o)
 .comment       0x0000000000000012       0x13 D:\work\VescChallenge\Outgoing\assignment1\galaxy_sdk\drivers\lib\libdriver_riscv.a(e203_uart.c.o)
 .comment       0x0000000000000012       0x13 D:\work\VescChallenge\Outgoing\assignment1\galaxy_sdk\modules\lib\libcommon_riscv.a(vs_logging.c.o)
 .comment       0x0000000000000012       0x13 D:\work\VescChallenge\Outgoing\assignment1\galaxy_sdk\modules\lib\libcommon_riscv.a(uart_printf.c.o)
 .comment       0x0000000000000012       0x13 D:\work\VescChallenge\Outgoing\assignment1\galaxy_sdk\modules\lib\libcommon_riscv.a(vpi_error.c.o)
 .comment       0x0000000000000012       0x13 D:\work\VescChallenge\Outgoing\assignment1\galaxy_sdk\osal\lib\libosal_riscv.a(osal_task.c.o)
 .comment       0x0000000000000012       0x13 D:\work\VescChallenge\Outgoing\assignment1\galaxy_sdk\os\lib\libos_riscv.a(tasks.c.o)
 .comment       0x0000000000000012       0x13 D:\work\VescChallenge\Outgoing\assignment1\galaxy_sdk\os\lib\libos_riscv.a(list.c.o)
 .comment       0x0000000000000012       0x13 D:\work\VescChallenge\Outgoing\assignment1\galaxy_sdk\os\lib\libos_riscv.a(timers.c.o)
 .comment       0x0000000000000012       0x13 D:\work\VescChallenge\Outgoing\assignment1\galaxy_sdk\os\lib\libos_riscv.a(heap_4.c.o)
 .comment       0x0000000000000012       0x13 D:\work\VescChallenge\Outgoing\assignment1\galaxy_sdk\os\lib\libos_riscv.a(queue.c.o)
 .comment       0x0000000000000012       0x13 d:/programe/nucleistudio/toolchain/gcc/bin/../lib/gcc/riscv-nuclei-elf/10.2.0/rv32imafc/ilp32f\libgcc.a(_udivdi3.o)
 .comment       0x0000000000000012       0x13 d:/programe/nucleistudio/toolchain/gcc/bin/../lib/gcc/riscv-nuclei-elf/10.2.0/rv32imafc/ilp32f\libgcc.a(_umoddi3.o)
 .comment       0x0000000000000012       0x13 d:/programe/nucleistudio/toolchain/gcc/bin/../lib/gcc/riscv-nuclei-elf/10.2.0/rv32imafc/ilp32f\libgcc.a(_clz.o)
 .comment       0x0000000000000012       0x13 d:/programe/nucleistudio/toolchain/gcc/bin/../lib/gcc/riscv-nuclei-elf/10.2.0/../../../../riscv-nuclei-elf/lib/rv32imafc/ilp32f\libg_nano.a(lib_a-atexit.o)
 .comment       0x0000000000000012       0x13 d:/programe/nucleistudio/toolchain/gcc/bin/../lib/gcc/riscv-nuclei-elf/10.2.0/../../../../riscv-nuclei-elf/lib/rv32imafc/ilp32f\libg_nano.a(lib_a-fini.o)
 .comment       0x0000000000000012       0x13 d:/programe/nucleistudio/toolchain/gcc/bin/../lib/gcc/riscv-nuclei-elf/10.2.0/../../../../riscv-nuclei-elf/lib/rv32imafc/ilp32f\libg_nano.a(lib_a-impure.o)
 .comment       0x0000000000000012       0x13 d:/programe/nucleistudio/toolchain/gcc/bin/../lib/gcc/riscv-nuclei-elf/10.2.0/../../../../riscv-nuclei-elf/lib/rv32imafc/ilp32f\libg_nano.a(lib_a-init.o)
 .comment       0x0000000000000012       0x13 d:/programe/nucleistudio/toolchain/gcc/bin/../lib/gcc/riscv-nuclei-elf/10.2.0/../../../../riscv-nuclei-elf/lib/rv32imafc/ilp32f\libg_nano.a(lib_a-memcpy.o)
 .comment       0x0000000000000012       0x13 d:/programe/nucleistudio/toolchain/gcc/bin/../lib/gcc/riscv-nuclei-elf/10.2.0/../../../../riscv-nuclei-elf/lib/rv32imafc/ilp32f\libg_nano.a(lib_a-nano-freer.o)
 .comment       0x0000000000000012       0x13 d:/programe/nucleistudio/toolchain/gcc/bin/../lib/gcc/riscv-nuclei-elf/10.2.0/../../../../riscv-nuclei-elf/lib/rv32imafc/ilp32f\libg_nano.a(lib_a-nano-mallocr.o)
 .comment       0x0000000000000012       0x13 d:/programe/nucleistudio/toolchain/gcc/bin/../lib/gcc/riscv-nuclei-elf/10.2.0/../../../../riscv-nuclei-elf/lib/rv32imafc/ilp32f\libg_nano.a(lib_a-printf.o)
 .comment       0x0000000000000012       0x13 d:/programe/nucleistudio/toolchain/gcc/bin/../lib/gcc/riscv-nuclei-elf/10.2.0/../../../../riscv-nuclei-elf/lib/rv32imafc/ilp32f\libg_nano.a(lib_a-sbrkr.o)
 .comment       0x0000000000000012       0x13 d:/programe/nucleistudio/toolchain/gcc/bin/../lib/gcc/riscv-nuclei-elf/10.2.0/../../../../riscv-nuclei-elf/lib/rv32imafc/ilp32f\libg_nano.a(lib_a-sysisatty.o)
 .comment       0x0000000000000012       0x13 d:/programe/nucleistudio/toolchain/gcc/bin/../lib/gcc/riscv-nuclei-elf/10.2.0/../../../../riscv-nuclei-elf/lib/rv32imafc/ilp32f\libg_nano.a(lib_a-__atexit.o)
 .comment       0x0000000000000012       0x13 d:/programe/nucleistudio/toolchain/gcc/bin/../lib/gcc/riscv-nuclei-elf/10.2.0/../../../../riscv-nuclei-elf/lib/rv32imafc/ilp32f\libg_nano.a(lib_a-__call_atexit.o)
 .comment       0x0000000000000012       0x13 d:/programe/nucleistudio/toolchain/gcc/bin/../lib/gcc/riscv-nuclei-elf/10.2.0/../../../../riscv-nuclei-elf/lib/rv32imafc/ilp32f\libg_nano.a(lib_a-findfp.o)
 .comment       0x0000000000000012       0x13 d:/programe/nucleistudio/toolchain/gcc/bin/../lib/gcc/riscv-nuclei-elf/10.2.0/../../../../riscv-nuclei-elf/lib/rv32imafc/ilp32f\libg_nano.a(lib_a-fwalk.o)
 .comment       0x0000000000000012       0x13 d:/programe/nucleistudio/toolchain/gcc/bin/../lib/gcc/riscv-nuclei-elf/10.2.0/../../../../riscv-nuclei-elf/lib/rv32imafc/ilp32f\libg_nano.a(lib_a-mlock.o)
 .comment       0x0000000000000012       0x13 d:/programe/nucleistudio/toolchain/gcc/bin/../lib/gcc/riscv-nuclei-elf/10.2.0/../../../../riscv-nuclei-elf/lib/rv32imafc/ilp32f\libg_nano.a(lib_a-nano-vfprintf.o)
 .comment       0x0000000000000012       0x13 d:/programe/nucleistudio/toolchain/gcc/bin/../lib/gcc/riscv-nuclei-elf/10.2.0/../../../../riscv-nuclei-elf/lib/rv32imafc/ilp32f\libg_nano.a(lib_a-nano-vfprintf_i.o)
 .comment       0x0000000000000012       0x13 d:/programe/nucleistudio/toolchain/gcc/bin/../lib/gcc/riscv-nuclei-elf/10.2.0/../../../../riscv-nuclei-elf/lib/rv32imafc/ilp32f\libg_nano.a(lib_a-reent.o)
 .comment       0x0000000000000012       0x13 d:/programe/nucleistudio/toolchain/gcc/bin/../lib/gcc/riscv-nuclei-elf/10.2.0/../../../../riscv-nuclei-elf/lib/rv32imafc/ilp32f\libg_nano.a(lib_a-stdio.o)
 .comment       0x0000000000000012       0x13 d:/programe/nucleistudio/toolchain/gcc/bin/../lib/gcc/riscv-nuclei-elf/10.2.0/../../../../riscv-nuclei-elf/lib/rv32imafc/ilp32f\libg_nano.a(lib_a-wbuf.o)
 .comment       0x0000000000000012       0x13 d:/programe/nucleistudio/toolchain/gcc/bin/../lib/gcc/riscv-nuclei-elf/10.2.0/../../../../riscv-nuclei-elf/lib/rv32imafc/ilp32f\libg_nano.a(lib_a-writer.o)
 .comment       0x0000000000000012       0x13 d:/programe/nucleistudio/toolchain/gcc/bin/../lib/gcc/riscv-nuclei-elf/10.2.0/../../../../riscv-nuclei-elf/lib/rv32imafc/ilp32f\libg_nano.a(lib_a-wsetup.o)
 .comment       0x0000000000000012       0x13 d:/programe/nucleistudio/toolchain/gcc/bin/../lib/gcc/riscv-nuclei-elf/10.2.0/../../../../riscv-nuclei-elf/lib/rv32imafc/ilp32f\libg_nano.a(lib_a-closer.o)
 .comment       0x0000000000000012       0x13 d:/programe/nucleistudio/toolchain/gcc/bin/../lib/gcc/riscv-nuclei-elf/10.2.0/../../../../riscv-nuclei-elf/lib/rv32imafc/ilp32f\libg_nano.a(lib_a-fflush.o)
 .comment       0x0000000000000012       0x13 d:/programe/nucleistudio/toolchain/gcc/bin/../lib/gcc/riscv-nuclei-elf/10.2.0/../../../../riscv-nuclei-elf/lib/rv32imafc/ilp32f\libg_nano.a(lib_a-lseekr.o)
 .comment       0x0000000000000012       0x13 d:/programe/nucleistudio/toolchain/gcc/bin/../lib/gcc/riscv-nuclei-elf/10.2.0/../../../../riscv-nuclei-elf/lib/rv32imafc/ilp32f\libg_nano.a(lib_a-makebuf.o)
 .comment       0x0000000000000012       0x13 d:/programe/nucleistudio/toolchain/gcc/bin/../lib/gcc/riscv-nuclei-elf/10.2.0/../../../../riscv-nuclei-elf/lib/rv32imafc/ilp32f\libg_nano.a(lib_a-memchr.o)
 .comment       0x0000000000000012       0x13 d:/programe/nucleistudio/toolchain/gcc/bin/../lib/gcc/riscv-nuclei-elf/10.2.0/../../../../riscv-nuclei-elf/lib/rv32imafc/ilp32f\libg_nano.a(lib_a-readr.o)
 .comment       0x0000000000000012       0x13 d:/programe/nucleistudio/toolchain/gcc/bin/../lib/gcc/riscv-nuclei-elf/10.2.0/../../../../riscv-nuclei-elf/lib/rv32imafc/ilp32f\libg_nano.a(lib_a-fstatr.o)
 .comment       0x0000000000000012       0x13 d:/programe/nucleistudio/toolchain/gcc/bin/../lib/gcc/riscv-nuclei-elf/10.2.0/../../../../riscv-nuclei-elf/lib/rv32imafc/ilp32f\libg_nano.a(lib_a-isattyr.o)
 .comment       0x0000000000000012       0x13 d:/programe/nucleistudio/toolchain/gcc/bin/../lib/gcc/riscv-nuclei-elf/10.2.0/../../../../riscv-nuclei-elf/lib/rv32imafc/ilp32f\libnosys.a(sbrk.o)

.riscv.attributes
                0x0000000000000000       0x34
 .riscv.attributes
                0x0000000000000000       0x30 ./galaxy_sdk/tasks/src/task_Hello_VeriSilicon.o
 .riscv.attributes
                0x0000000000000030       0x30 ./galaxy_sdk/drivers/src/hal_uart.o
 .riscv.attributes
                0x0000000000000060       0x30 ./galaxy_sdk/bsp/src/newlib.o
 .riscv.attributes
                0x0000000000000090       0x32 ./galaxy_sdk/bsp/src/portasm.o
 .riscv.attributes
                0x00000000000000c2       0x32 ./galaxy_sdk/bsp/src/startup_riscv.o
 .riscv.attributes
                0x00000000000000f4       0x30 ./galaxy_sdk/main.o
 .riscv.attributes
                0x0000000000000124       0x34 D:\work\VescChallenge\Outgoing\assignment1\galaxy_sdk\bsp\lib\libbsp_riscv.a(port.c.o)
 .riscv.attributes
                0x0000000000000158       0x30 D:\work\VescChallenge\Outgoing\assignment1\galaxy_sdk\bsp\lib\libbsp_riscv.a(soc_init.c.o)
 .riscv.attributes
                0x0000000000000188       0x34 D:\work\VescChallenge\Outgoing\assignment1\galaxy_sdk\bsp\lib\libbsp_riscv.a(soc_sysctl.c.o)
 .riscv.attributes
                0x00000000000001bc       0x34 D:\work\VescChallenge\Outgoing\assignment1\galaxy_sdk\bsp\lib\libbsp_riscv.a(system_pegasus.c.o)
 .riscv.attributes
                0x00000000000001f0       0x30 D:\work\VescChallenge\Outgoing\assignment1\galaxy_sdk\drivers\lib\libdriver_riscv.a(clock.c.o)
 .riscv.attributes
                0x0000000000000220       0x30 D:\work\VescChallenge\Outgoing\assignment1\galaxy_sdk\drivers\lib\libdriver_riscv.a(e203_uart.c.o)
 .riscv.attributes
                0x0000000000000250       0x30 D:\work\VescChallenge\Outgoing\assignment1\galaxy_sdk\modules\lib\libcommon_riscv.a(vs_logging.c.o)
 .riscv.attributes
                0x0000000000000280       0x30 D:\work\VescChallenge\Outgoing\assignment1\galaxy_sdk\modules\lib\libcommon_riscv.a(uart_printf.c.o)
 .riscv.attributes
                0x00000000000002b0       0x30 D:\work\VescChallenge\Outgoing\assignment1\galaxy_sdk\modules\lib\libcommon_riscv.a(vpi_error.c.o)
 .riscv.attributes
                0x00000000000002e0       0x30 D:\work\VescChallenge\Outgoing\assignment1\galaxy_sdk\osal\lib\libosal_riscv.a(osal_task.c.o)
 .riscv.attributes
                0x0000000000000310       0x34 D:\work\VescChallenge\Outgoing\assignment1\galaxy_sdk\os\lib\libos_riscv.a(tasks.c.o)
 .riscv.attributes
                0x0000000000000344       0x30 D:\work\VescChallenge\Outgoing\assignment1\galaxy_sdk\os\lib\libos_riscv.a(list.c.o)
 .riscv.attributes
                0x0000000000000374       0x34 D:\work\VescChallenge\Outgoing\assignment1\galaxy_sdk\os\lib\libos_riscv.a(timers.c.o)
 .riscv.attributes
                0x00000000000003a8       0x30 D:\work\VescChallenge\Outgoing\assignment1\galaxy_sdk\os\lib\libos_riscv.a(heap_4.c.o)
 .riscv.attributes
                0x00000000000003d8       0x34 D:\work\VescChallenge\Outgoing\assignment1\galaxy_sdk\os\lib\libos_riscv.a(queue.c.o)
 .riscv.attributes
                0x000000000000040c       0x30 d:/programe/nucleistudio/toolchain/gcc/bin/../lib/gcc/riscv-nuclei-elf/10.2.0/rv32imafc/ilp32f\libgcc.a(_udivdi3.o)
 .riscv.attributes
                0x000000000000043c       0x30 d:/programe/nucleistudio/toolchain/gcc/bin/../lib/gcc/riscv-nuclei-elf/10.2.0/rv32imafc/ilp32f\libgcc.a(_umoddi3.o)
 .riscv.attributes
                0x000000000000046c       0x30 d:/programe/nucleistudio/toolchain/gcc/bin/../lib/gcc/riscv-nuclei-elf/10.2.0/rv32imafc/ilp32f\libgcc.a(_clz.o)
 .riscv.attributes
                0x000000000000049c       0x30 d:/programe/nucleistudio/toolchain/gcc/bin/../lib/gcc/riscv-nuclei-elf/10.2.0/../../../../riscv-nuclei-elf/lib/rv32imafc/ilp32f\libg_nano.a(lib_a-atexit.o)
 .riscv.attributes
                0x00000000000004cc       0x30 d:/programe/nucleistudio/toolchain/gcc/bin/../lib/gcc/riscv-nuclei-elf/10.2.0/../../../../riscv-nuclei-elf/lib/rv32imafc/ilp32f\libg_nano.a(lib_a-fini.o)
 .riscv.attributes
                0x00000000000004fc       0x30 d:/programe/nucleistudio/toolchain/gcc/bin/../lib/gcc/riscv-nuclei-elf/10.2.0/../../../../riscv-nuclei-elf/lib/rv32imafc/ilp32f\libg_nano.a(lib_a-impure.o)
 .riscv.attributes
                0x000000000000052c       0x30 d:/programe/nucleistudio/toolchain/gcc/bin/../lib/gcc/riscv-nuclei-elf/10.2.0/../../../../riscv-nuclei-elf/lib/rv32imafc/ilp32f\libg_nano.a(lib_a-init.o)
 .riscv.attributes